==== LHAPDF6 USING DEFAULT-TYPE LHAGLUE INTERFACE ====
LHAPDF 6.2.1 loading /cvmfs/cms.cern.ch/slc7_amd64_gcc700/external/lhapdf/6.2.1-pafccj3/share/LHAPDF/NNPDF31_nnlo_as_0118_mc_hessian_pdfas/NNPDF31_nnlo_as_0118_mc_hessian_pdfas_0000.dat
NNPDF31_nnlo_as_0118_mc_hessian_pdfas PDF set, member #0, version 1; LHAPDF ID = 325300
 Process in group number            1
 A PDF is used, so alpha_s(MZ) is going to be modified
 Old value of alpha_s from param_card:   0.11790000000000000     
 New value of alpha_s from PDF lhapdf :  0.11800208008122040     
 using LHAPDF
 Warning! ptj set to xqcut=   20.000000000000000       to improve integration efficiency
 Note that this might affect non-radiated jets,
 e.g. from decays. Use cut_decays=F in run_card.
 Warning! mmjj set to xqcut=   20.000000000000000       to improve integration efficiency
 Note that this might affect non-radiated jets,
 e.g. from decays. Use cut_decays=F in run_card.
 Define smin to   3600.0000000000000     
 Define smin to   3600.0000000000000     
 Define smin to   3600.0000000000000     
 *****************************************************
 *               MadGraph/MadEvent                   *
 *        --------------------------------           *
 *          http://madgraph.hep.uiuc.edu             *
 *          http://madgraph.phys.ucl.ac.be           *
 *          http://madgraph.roma2.infn.it            *
 *        --------------------------------           *
 *                                                   *
 *          PARAMETER AND COUPLING VALUES            *
 *                                                   *
 *****************************************************

  External Params
  ---------------------------------
  
 mdl_ctGRe =    9.9999999999999994E-012
 mdl_cjj31 =    7.1000000000000000E-011
 mdl_cQj11 =    1.6999999999999999E-011
 mdl_cQj18 =    1.5000000000000000E-011
 mdl_cQj31 =    1.7999999999999999E-011
 mdl_cQj38 =    1.6000000000000000E-011
 mdl_cQQ8 =    2.3000000000000001E-011
 mdl_ctu1 =    2.6000000000000001E-011
 mdl_ctu8 =    4.4000000000000003E-011
 mdl_ctd1 =    2.7000000000000000E-011
 mdl_ctd8 =    2.2000000000000002E-011
 mdl_cQu1 =    2.8000000000000000E-011
 mdl_cQu8 =    2.4000000000000001E-011
 mdl_ctj1 =    7.3000000000000006E-011
 mdl_ctj8 =    7.1999999999999997E-011
 mdl_cQt1 =    3.1000000000000003E-011
 mdl_cQt8 =    3.0000000000000000E-011
 mdl_cQd1 =    2.9000000000000000E-011
 mdl_cQd8 =    2.5000000000000001E-011
 mdl_ctGIm =    9.8999999999999994E-012
 mdl_LambdaSMEFT =    1000.0000000000000     
 mdl_MW =    80.387000000000000     
 mdl_Gf =    1.1663789999999999E-005
 aS =   0.11790000000000000     
 mdl_ymb =    4.1799999999999997     
 mdl_ymt =    172.50000000000000     
 mdl_MZ =    91.187600000000003     
 mdl_MT =    172.50000000000000     
 mdl_MH =    125.00000000000000     
 mdl_WZ =    2.4952000000000001     
 mdl_WW =    2.0850000000000000     
 mdl_WT =    1.3300000000000001     
 mdl_WH =    4.0699999999999998E-003
  Internal Params
  ---------------------------------
  
 mdl_cH =    0.0000000000000000     
 mdl_conjg__cbH =    0.0000000000000000     
 mdl_dGf =    0.0000000000000000     
 mdl_dMH2 =    0.0000000000000000     
 mdl_conjg__ctHH =    0.0000000000000000     
 mdl_dg1 =    0.0000000000000000     
 mdl_cHB =    0.0000000000000000     
 mdl_cHW =    0.0000000000000000     
 mdl_dgw =    0.0000000000000000     
 mdl_complexi =                (0.0000000000000000,1.0000000000000000)
 mdl_ctG =    (9.99999999999999939E-012,9.89999999999999942E-012)
 mdl_MWsm =    80.387000000000000     
 mdl_MW__exp__2 =    6462.0697689999997     
 mdl_MZ__exp__2 =    8315.1783937600012     
 mdl_sqrt__2 =    1.4142135623730951     
 mdl_nb__2__exp__0_25 =    1.1892071150027210     
 mdl_MH__exp__2 =    15625.000000000000     
 mdl_sth2 =   0.22285855299877133     
 mdl_nb__10__exp___m_40 =    9.9999999999999993E-041
 mdl_MZ1 =    91.187600000000003     
 mdl_MH1 =    125.00000000000000     
 mdl_MT1 =    172.50000000000000     
 mdl_WZ1 =    2.4952000000000001     
 mdl_WW1 =    2.0850000000000000     
 mdl_WH1 =    4.0699999999999998E-003
 mdl_WT1 =    1.3300000000000001     
 mdl_cth =   0.88155626422890820     
 mdl_MW1 =    80.387000000000000     
 mdl_sqrt__sth2 =   0.47207896902824564     
 mdl_sth =   0.47207896902824564     
 mdl_LambdaSMEFT__exp__2 =    1000000.0000000000     
 mdl_MT__exp__2 =    29756.250000000000     
 mdl_MH__exp__6 =    3814697265625.0000     
 mdl_MWsm__exp__6 =    269845343347.69711     
 mdl_MH__exp__4 =    244140625.00000000     
 mdl_MWsm__exp__4 =    41758345.699423708     
 mdl_MWsm__exp__2 =    6462.0697689999997     
 mdl_MZ__exp__4 =    69142191.720053151     
 mdl_MZ__exp__6 =    574929658687.79749     
 mdl_cth__exp__2 =   0.77714144700122867     
 mdl_sth__exp__2 =   0.22285855299877130     
 mdl_MZ__exp__3 =    758241.16129882948     
 mdl_sth__exp__4 =    4.9665934644706158E-002
 mdl_sth__exp__6 =    1.1068478328250760E-002
 mdl_sth__exp__3 =   0.10520683593878660     
 mdl_sth__exp__5 =    2.3446243222897113E-002
 mdl_cth__exp__3 =   0.68509391079585125     
 mdl_aEW =    7.5614618607353409E-003
 mdl_sqrt__Gf =    3.4152291284773265E-003
 mdl_vevhat =    246.21961912951551     
 mdl_lam =   0.12886789067712248     
 mdl_sqrt__aEW =    8.6956666568672819E-002
 mdl_ee =   0.30825335704310214     
 mdl_yb =    2.4008698866559607E-002
 mdl_yt =   0.99078960633529489     
 mdl_vevhat__exp__2 =    60624.100844283676     
 mdl_vevT =    246.21961912951551     
 mdl_g1 =   0.34966952144878632     
 mdl_gw =   0.65296989967087182     
 mdl_yb0 =          (2.40086988665596072E-002,0.0000000000000000)
 mdl_yt0 =               (0.99078960633529489,0.0000000000000000)
 mdl_ee__exp__2 =    9.5020132128342205E-002
 mdl_gHaa =   -1.9304585232491906E-003
 mdl_gHza =   -6.8535659868940091E-003
 mdl_barlam =   0.12886789067712248     
 mdl_gwsh =   0.65296989967087182     
 mdl_vev =    246.21961912951551     
 mdl_g1sh =   0.34966952144878632     
 mdl_ee__exp__3 =    2.9290274715240611E-002
 mdl_vevhat__exp__3 =    14926843.019948866     
  Internal Params evaluated point by point
  ----------------------------------------
  
 mdl_sqrt__aS =   0.34336569426778790     
 mdl_Gstrong =    1.2171996941475736     
 mdl_gHgg2 =   -3.6486270703817007E-004
 mdl_gHgg4 =    1.0424648772519146E-004
 mdl_gHgg5 =    1.8764367790534461E-003
 mdl_G__exp__2 =    1.4815750954329465     
 mdl_gHgg1 =    3.1273946317557436E-003
 mdl_gHgg3 =    7.6133275785037098E-004
 mdl_G__exp__3 =                (1.8033727530176447,0.0000000000000000)
  Couplings of SMEFTsim_topU3l_MwScheme_UFO_ctGpatched-massless_2t
  ---------------------------------
  
       GC_351 =  -0.20980E-14   0.00000E+00
       GC_352 =   0.00000E+00   0.21192E-14
       GC_385 =   0.00000E+00   0.25537E-14
       GC_386 =   0.25795E-14   0.00000E+00
         GC_6 =  -0.00000E+00  -0.12172E+01
         GC_7 =   0.12172E+01   0.00000E+00
         GC_8 =   0.00000E+00   0.14816E+01
        GC_98 =  -0.85208E-17   0.00000E+00
        GC_99 =   0.00000E+00   0.86069E-17
        GC_64 =   0.00000E+00   0.29000E-16
        GC_65 =   0.00000E+00   0.25000E-16
        GC_67 =   0.00000E+00   0.17000E-16
        GC_68 =   0.00000E+00   0.15000E-16
        GC_69 =  -0.00000E+00  -0.18000E-16
        GC_70 =   0.00000E+00   0.18000E-16
        GC_72 =  -0.00000E+00  -0.16000E-16
        GC_73 =   0.00000E+00   0.16000E-16
        GC_80 =   0.00000E+00   0.46000E-16
        GC_81 =   0.00000E+00   0.31000E-16
        GC_82 =   0.00000E+00   0.30000E-16
        GC_91 =   0.00000E+00   0.28000E-16
        GC_92 =   0.00000E+00   0.24000E-16
        GC_95 =   0.00000E+00   0.27000E-16
        GC_96 =   0.00000E+00   0.22000E-16
       GC_112 =   0.00000E+00   0.73000E-16
       GC_113 =   0.00000E+00   0.72000E-16
       GC_116 =   0.00000E+00   0.26000E-16
       GC_117 =   0.00000E+00   0.44000E-16
         GC_1 =   0.00000E+00   0.10275E+00
         GC_2 =  -0.00000E+00  -0.20550E+00
       GC_202 =  -0.00000E+00  -0.46172E+00
       GC_203 =  -0.00000E+00  -0.37035E+00
       GC_263 =  -0.00000E+00  -0.55024E-01
       GC_264 =   0.00000E+00   0.11005E+00
       GC_566 =  -0.00000E+00  -0.16977E-01
      GC_1025 =  -0.00000E+00  -0.70059E+00

 Collider parameters:
 --------------------

 Running at P P   machine @    13000.000000000000       GeV
 PDF set = lhapdf 
 alpha_s(Mz)= 0.1180 running at 3 loops.
 alpha_s(Mz)= 0.1180 running at 3 loops.
 Renormalization scale set on event-by-event basis
 Factorization   scale set on event-by-event basis


 getting user params
Enter number of events and max and min iterations: 
 Number of events and iterations         2000           8           3
Enter desired fractional accuracy: 
 Desired fractional accuracy:    1.0000000000000000E-002
Enter 0 for fixed, 2 for adjustable grid: 
Suppress amplitude (0 no, 1 yes)? 
 Using suppressed amplitude.
Exact helicity sum (0 yes, n = number/event)? 
 Explicitly summing over helicities
Enter Configuration Number: 
Running Configuration Number:    5
 Using dconfig=         607
 BW Setting            1           1           1           1           1           2           0
 Attempting mappinvarients           1           9
 Completed mapping           9
 about to integrate           19        2000           8           3          19           1
 Using non-zero grid deformation.
 19 dimensions   2000 events 19 invarients  8 iterations  1 config(s),  (0.99)
 Using h-tuple random number sequence.
 Error opening grid
 Using Uniform Grid!          36
 Using uniform alpha   1.0000000000000000     
 Grid defined OK
 Set CM energy to      13000.00
 Mapping Graph           5  to config           5
 Setting BW          -1           1   80.387000000000000     
 Setting BW          -2           2   172.50000000000000     
 Setting BW          -3           3   172.50000000000000     
 Setting BW          -4           4   80.387000000000000     
 Setting BW          -5           5   172.50000000000000     
Setting grid   6    0.59987E-03   1
 Transforming s_hat 1/s           18   6.2538467455621318E-004   3600.0000000000000        168999999.99999997     
   5   1   2   3   4   5   6   7   8   9  10  11  12  13  14
  15  16  17  18  19
 Masses: 0.000E+00 0.000E+00 0.000E+00 0.000E+00 0.000E+00 0.000E+00 0.000E+00 0.000E+00 0.000E+00
Using random seed offsets     5 :      3
  with seed                   24
 Ranmar initialization seeds       31063        9400
 
 ********************************************
 * You are using the DiscreteSampler module *
 *      part of the MG5_aMC framework       *
 *         Author: Valentin Hirschi         *
 ********************************************
 
  Particle       3       4       5       6       7       8       9
      Et >     0.0     0.0    20.0     0.0     0.0    20.0    20.0
       E >     0.0     0.0     0.0     0.0     0.0     0.0     0.0
     Eta <     5.0    -1.0     5.0     5.0    -1.0     5.0     5.0
   xqcut:      0.0     0.0    20.0     0.0     0.0    20.0    20.0
d R # 3  >    -0.0     0.0     0.0     0.0     0.0     0.0     0.0
d R # 4  >    -0.0    -0.0     0.0     0.0     0.0     0.0     0.0
d R # 5  >    -0.0    -0.0    -0.0     0.0     0.0     0.0     0.0
d R # 6  >    -0.0    -0.0    -0.0    -0.0     0.0     0.0     0.0
d R # 7  >    -0.0    -0.0    -0.0    -0.0    -0.0     0.0     0.0
d R # 8  >    -0.0    -0.0    -0.0    -0.0    -0.0    -0.0     0.0
s min # 3>     0.0     0.0     0.0     0.0     0.0     0.0     0.0
s min # 4>     0.0     0.0     0.0     0.0     0.0     0.0     0.0
s min # 5>     0.0     0.0     0.0     0.0     0.0   400.0   400.0
s min # 6>     0.0     0.0     0.0     0.0     0.0     0.0     0.0
s min # 7>     0.0     0.0     0.0     0.0     0.0     0.0     0.0
s min # 8>     0.0     0.0     0.0     0.0     0.0     0.0   400.0
xqcutij # 3>     0.0     0.0     0.0     0.0     0.0     0.0     0.0
xqcutij # 4>     0.0     0.0     0.0     0.0     0.0     0.0     0.0
xqcutij # 5>     0.0     0.0     0.0     0.0     0.0     0.0     0.0
xqcutij # 6>     0.0     0.0     0.0     0.0     0.0     0.0     0.0
xqcutij # 7>     0.0     0.0     0.0     0.0     0.0     0.0     0.0
xqcutij # 8>     0.0     0.0     0.0     0.0     0.0     0.0     0.0
 Requiring BW           -1           1
 Requiring BW           -2           2
 Requiring BW           -3           3
 Requiring BW           -4           4
 Requiring BW           -5           5
 Excluding BW           -6           6
 alpha_s for scale    492.99245744324270       is    9.4127023681567515E-002
 Added good helicity            1   260.61183160393972       in event            1 local:           1
 Added good helicity            2   211.64582583099164       in event            1 local:           1
 Added good helicity          385   17.943206828250251       in event            1 local:           1
 Added good helicity          386   21.799135736818410       in event            1 local:           1
 Added good helicity            1   260.61183160393983       in event            1 local:           1
 Added good helicity            2   211.64582583099164       in event            1 local:           1
 Added good helicity          385   17.943206828250197       in event            1 local:           1
 Added good helicity          386   21.799135736818400       in event            1 local:           1
 Added good helicity          129   3.6882973781396031E-002  in event            3 local:           1
 Added good helicity          130   3.6041180428931979E-002  in event            3 local:           1
 Added good helicity          257   3.7619824544942386E-002  in event            3 local:           1
 Added good helicity          258   3.5304329665385624E-002  in event            3 local:           1
 Added good helicity          129   3.6882973781396003E-002  in event            3 local:           1
 Added good helicity          130   3.6041180428931952E-002  in event            3 local:           1
 Added good helicity          257   3.7619824544942358E-002  in event            3 local:           1
 Added good helicity          258   3.5304329665385596E-002  in event            3 local:           1
 RESET CUMULATIVE VARIABLE
 RESET CUMULATIVE VARIABLE
 RESET CUMULATIVE VARIABLE
 Iteration  1   Mean: 0.2117E-04 Abs mean: 0.2117E-04   Fluctuation:  0.381E-05   0.547E-02     0.5%
  1    0.2117E-04 0.2117E-04 +- 0.3814E-05      8.06
 Writing out events   2.5120174557293997E-007   8.0587301500495094     
 Relative summed weights:
  0.1028E+00  0.2363E+00  0.7409E-01  0.1164E+00  0.3052E-05  0.0000E+00
  0.6905E-01  0.1420E+00  0.2203E+00  0.3854E-01  0.4861E-03  0.1826E-05
 Relative number of events:
  0.1010E+00  0.1050E+00  0.1224E+00  0.1314E+00  0.9955E-03  0.0000E+00
  0.1160E+00  0.1239E+00  0.1558E+00  0.1409E+00  0.1493E-02  0.9955E-03
 Events:
         203         211         246         264           2           0
         233         249         313         283           3           2
 Iteration  2   Mean: 0.1901E-04 Abs mean: 0.1901E-04   Fluctuation:  0.155E-05   0.297E-02     2.3%
  2    0.1901E-04 0.1901E-04 +- 0.1549E-05      5.15
 Relative summed weights:
  0.1076E+00  0.1293E+00  0.1256E+00  0.1175E+00  0.3088E-03  0.4827E-03
  0.8555E-01  0.1129E+00  0.1334E+00  0.1866E+00  0.2921E-03  0.4919E-03
 Relative number of events:
  0.1113E+00  0.1180E+00  0.1067E+00  0.1273E+00  0.5000E-03  0.1500E-02
  0.1263E+00  0.1398E+00  0.1305E+00  0.1345E+00  0.2000E-02  0.1750E-02
 Events:
         445         472         427         509           2           6
         505         559         522         538           8           7
 Iteration  3   Mean: 0.2080E-04 Abs mean: 0.2080E-04   Fluctuation:  0.962E-06   0.262E-02     3.1%
  3    0.2080E-04 0.2080E-04 +- 0.9619E-06      4.14
 Relative summed weights:
  0.1201E+00  0.1296E+00  0.1189E+00  0.1173E+00  0.5586E-04  0.1079E-03
  0.1497E+00  0.1255E+00  0.1225E+00  0.1136E+00  0.1432E-02  0.1266E-02
 Relative number of events:
  0.1311E+00  0.1175E+00  0.1090E+00  0.1071E+00  0.2500E-03  0.3750E-03
  0.1440E+00  0.1329E+00  0.1324E+00  0.1222E+00  0.1500E-02  0.1625E-02
 Events:
        1049         940         872         857           2           3
        1152        1063        1059         978          12          13
 Accuracy:    0.027   0.010   0.039   0.460
 Found         4228  events.
 Wrote           66  events.
 Actual xsec    2.0403800651166498E-005
 Correct abs xsec    2.0403800651166498E-005
 Event xsec    2.0403800651166498E-005
 Events wgts > 1:            3
 % Cross section > 1:    3.7956445502957654E-008  0.18602634946243538     
 Iteration  4   Mean: 0.2023E-04 Abs mean: 0.2023E-04   Fluctuation:  0.477E-06   0.143E-02     4.1%
  4    0.2023E-04 0.2023E-04 +- 0.4772E-06      2.98
Thanks for using LHAPDF 6.2.1. Please make sure to cite the paper:
  Eur.Phys.J. C75 (2015) 3, 132  (http://arxiv.org/abs/1412.7420)
 Relative summed weights:
  0.1286E+00  0.1208E+00  0.1201E+00  0.1264E+00  0.2615E-02  0.4482E-02
  0.1258E+00  0.1270E+00  0.1288E+00  0.1059E+00  0.7306E-02  0.2169E-02
 Relative number of events:
  0.1196E+00  0.1247E+00  0.1070E+00  0.1086E+00  0.1000E-02  0.9375E-03
  0.1419E+00  0.1400E+00  0.1272E+00  0.1249E+00  0.2000E-02  0.2188E-02
 Events:
        1913        1996        1712        1737          16          15
        2270        2240        2035        1999          32          35
 Accuracy:    0.011   0.010   0.020   0.322
 Found         8718  events.
 Wrote          361  events.
 Actual xsec    2.0264607641903473E-005
 Correct abs xsec    2.0264607641903473E-005
 Event xsec    2.0264607641903609E-005
 Events wgts > 1:           12
 % Cross section > 1:    1.9952314817226566E-007  0.98458924889168464     
 Iteration  5   Mean: 0.2061E-04 Abs mean: 0.2061E-04   Fluctuation:  0.299E-06   0.265E-02     4.6%
  5    0.2061E-04 0.2061E-04 +- 0.2992E-06      2.60
 Relative summed weights:
  0.1319E+00  0.1357E+00  0.1093E+00  0.1114E+00  0.7418E-03  0.2502E-02
  0.1347E+00  0.1349E+00  0.1147E+00  0.1177E+00  0.4963E-02  0.1546E-02
 Relative number of events:
  0.1228E+00  0.1205E+00  0.1101E+00  0.1037E+00  0.5000E-03  0.9375E-03
  0.1452E+00  0.1432E+00  0.1247E+00  0.1250E+00  0.1844E-02  0.1531E-02
 Events:
        3931        3857        3522        3318          16          30
        4647        4582        3989        4000          59          49
 Accuracy:    0.007   0.010   0.012   0.341
 Finished due to accuracy    6.8876230534234157E-003   1.0000000000000000E-002

 -------------------------------------------------------------------------------
 Accumulated results:   Integral =  0.2049E-04
                        Std dev  =  0.2417E-06
                       Cross sec =  0.2049E-04
             Chi**2 per DoF.     =      0.3410
 -------------------------------------------------------------------------------
 Found        18350  events.
 Wrote         1128  events.
 Actual xsec    2.0522469535393013E-005
 Correct abs xsec    2.0522469535393013E-005
 Event xsec    2.0522469535393504E-005
 Events wgts > 1:           22
 % Cross section > 1:    1.9935492545597342E-007  0.97139832568474038     
-------------------------------------------------
---------------------------
 Results Last   3 iters: Integral =   0.2052E-04
                     Abs integral =   0.2052E-04
                          Std dev =   0.2452E-06
                  Chi**2 per DoF. =      0.2690
-------------------------------------------------
---------------------------
 Status   1.0000000000000000E-002           6           8

ls status:
events.lhe
ftn26
input_app.txt
results.dat
run1_app.log
