 Parameter mdl_mt               has been read with value 1.725000e+02        
 Parameter mdl_mz               has been read with value 9.118760e+01        
 Parameter mdl_mh               has been read with value 1.250000e+02        
 Parameter mdl_ctgre            has been read with value 0.000000e+00        
 Parameter mdl_cjj31            has been read with value 7.100000e-11        
 Parameter mdl_cqj11            has been read with value 0.000000e+00        
 Parameter mdl_cqj18            has been read with value 0.000000e+00        
 Parameter mdl_cqj31            has been read with value 0.000000e+00        
 Parameter mdl_cqj38            has been read with value 0.000000e+00        
 Parameter mdl_cqq8             has been read with value 2.300000e-11        
 Parameter mdl_ctu1             has been read with value 0.000000e+00        
 Parameter mdl_ctu8             has been read with value 0.000000e+00        
 Parameter mdl_ctd1             has been read with value 0.000000e+00        
 Parameter mdl_ctd8             has been read with value 0.000000e+00        
 Parameter mdl_cqu1             has been read with value 0.000000e+00        
 Parameter mdl_cqu8             has been read with value 0.000000e+00        
 Parameter mdl_ctj1             has been read with value 0.000000e+00        
 Parameter mdl_ctj8             has been read with value 0.000000e+00        
 Parameter mdl_cqt1             has been read with value 3.100000e-11        
 Parameter mdl_cqt8             has been read with value 3.000000e-11        
 Parameter mdl_cqd1             has been read with value 2.000000e+00        
 Parameter mdl_cqd8             has been read with value 0.000000e+00        
 Parameter mdl_ctgim            has been read with value 0.000000e+00        
 Parameter mdl_lambdasmeft      has been read with value 1.000000e+03        
 Parameter mdl_mw               has been read with value 8.038700e+01        
 Parameter mdl_gf               has been read with value 1.166379e-05        
 Parameter as                   has been read with value 1.179000e-01        
 Parameter mdl_ymb              has been read with value 4.180000e+00        
 Parameter mdl_ymt              has been read with value 1.725000e+02        
 Parameter mdl_wt               has been read with value 1.330000e+00        
 Parameter mdl_wz               has been read with value 2.495200e+00        
 Parameter mdl_ww               has been read with value 2.085000e+00        
 Parameter mdl_wh               has been read with value 4.070000e-03        
