==== LHAPDF6 USING DEFAULT-TYPE LHAGLUE INTERFACE ====
LHAPDF 6.2.1 loading /cvmfs/cms.cern.ch/slc7_amd64_gcc700/external/lhapdf/6.2.1-pafccj3/share/LHAPDF/NNPDF31_nnlo_as_0118_mc_hessian_pdfas/NNPDF31_nnlo_as_0118_mc_hessian_pdfas_0000.dat
NNPDF31_nnlo_as_0118_mc_hessian_pdfas PDF set, member #0, version 1; LHAPDF ID = 325300
 Process in group number            1
 A PDF is used, so alpha_s(MZ) is going to be modified
 Old value of alpha_s from param_card:   0.11790000000000000     
 New value of alpha_s from PDF lhapdf :  0.11800208008122040     
 using LHAPDF
 Warning! ptj set to xqcut=   20.000000000000000       to improve integration efficiency
 Note that this might affect non-radiated jets,
 e.g. from decays. Use cut_decays=F in run_card.
 Warning! mmjj set to xqcut=   20.000000000000000       to improve integration efficiency
 Note that this might affect non-radiated jets,
 e.g. from decays. Use cut_decays=F in run_card.
 Define smin to   3600.0000000000000     
 Define smin to   3600.0000000000000     
 Define smin to   3600.0000000000000     
 *****************************************************
 *               MadGraph/MadEvent                   *
 *        --------------------------------           *
 *          http://madgraph.hep.uiuc.edu             *
 *          http://madgraph.phys.ucl.ac.be           *
 *          http://madgraph.roma2.infn.it            *
 *        --------------------------------           *
 *                                                   *
 *          PARAMETER AND COUPLING VALUES            *
 *                                                   *
 *****************************************************

  External Params
  ---------------------------------
  
 mdl_ctGRe =    9.9999999999999994E-012
 mdl_cjj31 =    7.1000000000000000E-011
 mdl_cQj11 =    1.6999999999999999E-011
 mdl_cQj18 =    1.5000000000000000E-011
 mdl_cQj31 =    1.7999999999999999E-011
 mdl_cQj38 =    1.6000000000000000E-011
 mdl_cQQ8 =    2.3000000000000001E-011
 mdl_ctu1 =    2.6000000000000001E-011
 mdl_ctu8 =    4.4000000000000003E-011
 mdl_ctd1 =    2.7000000000000000E-011
 mdl_ctd8 =    2.2000000000000002E-011
 mdl_cQu1 =    2.8000000000000000E-011
 mdl_cQu8 =    2.4000000000000001E-011
 mdl_ctj1 =    7.3000000000000006E-011
 mdl_ctj8 =    7.1999999999999997E-011
 mdl_cQt1 =    3.1000000000000003E-011
 mdl_cQt8 =    3.0000000000000000E-011
 mdl_cQd1 =    2.9000000000000000E-011
 mdl_cQd8 =    2.5000000000000001E-011
 mdl_ctGIm =    9.8999999999999994E-012
 mdl_LambdaSMEFT =    1000.0000000000000     
 mdl_MW =    80.387000000000000     
 mdl_Gf =    1.1663789999999999E-005
 aS =   0.11790000000000000     
 mdl_ymb =    4.1799999999999997     
 mdl_ymt =    172.50000000000000     
 mdl_MZ =    91.187600000000003     
 mdl_MT =    172.50000000000000     
 mdl_MH =    125.00000000000000     
 mdl_WZ =    2.4952000000000001     
 mdl_WW =    2.0850000000000000     
 mdl_WT =    1.3300000000000001     
 mdl_WH =    4.0699999999999998E-003
  Internal Params
  ---------------------------------
  
 mdl_cH =    0.0000000000000000     
 mdl_conjg__cbH =    0.0000000000000000     
 mdl_dGf =    0.0000000000000000     
 mdl_dMH2 =    0.0000000000000000     
 mdl_conjg__ctHH =    0.0000000000000000     
 mdl_dg1 =    0.0000000000000000     
 mdl_cHB =    0.0000000000000000     
 mdl_cHW =    0.0000000000000000     
 mdl_dgw =    0.0000000000000000     
 mdl_complexi =                (0.0000000000000000,1.0000000000000000)
 mdl_ctG =    (9.99999999999999939E-012,9.89999999999999942E-012)
 mdl_MWsm =    80.387000000000000     
 mdl_MW__exp__2 =    6462.0697689999997     
 mdl_MZ__exp__2 =    8315.1783937600012     
 mdl_sqrt__2 =    1.4142135623730951     
 mdl_nb__2__exp__0_25 =    1.1892071150027210     
 mdl_MH__exp__2 =    15625.000000000000     
 mdl_sth2 =   0.22285855299877133     
 mdl_nb__10__exp___m_40 =    9.9999999999999993E-041
 mdl_MZ1 =    91.187600000000003     
 mdl_MH1 =    125.00000000000000     
 mdl_MT1 =    172.50000000000000     
 mdl_WZ1 =    2.4952000000000001     
 mdl_WW1 =    2.0850000000000000     
 mdl_WH1 =    4.0699999999999998E-003
 mdl_WT1 =    1.3300000000000001     
 mdl_cth =   0.88155626422890820     
 mdl_MW1 =    80.387000000000000     
 mdl_sqrt__sth2 =   0.47207896902824564     
 mdl_sth =   0.47207896902824564     
 mdl_LambdaSMEFT__exp__2 =    1000000.0000000000     
 mdl_MT__exp__2 =    29756.250000000000     
 mdl_MH__exp__6 =    3814697265625.0000     
 mdl_MWsm__exp__6 =    269845343347.69711     
 mdl_MH__exp__4 =    244140625.00000000     
 mdl_MWsm__exp__4 =    41758345.699423708     
 mdl_MWsm__exp__2 =    6462.0697689999997     
 mdl_MZ__exp__4 =    69142191.720053151     
 mdl_MZ__exp__6 =    574929658687.79749     
 mdl_cth__exp__2 =   0.77714144700122867     
 mdl_sth__exp__2 =   0.22285855299877130     
 mdl_MZ__exp__3 =    758241.16129882948     
 mdl_sth__exp__4 =    4.9665934644706158E-002
 mdl_sth__exp__6 =    1.1068478328250760E-002
 mdl_sth__exp__3 =   0.10520683593878660     
 mdl_sth__exp__5 =    2.3446243222897113E-002
 mdl_cth__exp__3 =   0.68509391079585125     
 mdl_aEW =    7.5614618607353409E-003
 mdl_sqrt__Gf =    3.4152291284773265E-003
 mdl_vevhat =    246.21961912951551     
 mdl_lam =   0.12886789067712248     
 mdl_sqrt__aEW =    8.6956666568672819E-002
 mdl_ee =   0.30825335704310214     
 mdl_yb =    2.4008698866559607E-002
 mdl_yt =   0.99078960633529489     
 mdl_vevhat__exp__2 =    60624.100844283676     
 mdl_vevT =    246.21961912951551     
 mdl_g1 =   0.34966952144878632     
 mdl_gw =   0.65296989967087182     
 mdl_yb0 =          (2.40086988665596072E-002,0.0000000000000000)
 mdl_yt0 =               (0.99078960633529489,0.0000000000000000)
 mdl_ee__exp__2 =    9.5020132128342205E-002
 mdl_gHaa =   -1.9304585232491906E-003
 mdl_gHza =   -6.8535659868940091E-003
 mdl_barlam =   0.12886789067712248     
 mdl_gwsh =   0.65296989967087182     
 mdl_vev =    246.21961912951551     
 mdl_g1sh =   0.34966952144878632     
 mdl_ee__exp__3 =    2.9290274715240611E-002
 mdl_vevhat__exp__3 =    14926843.019948866     
  Internal Params evaluated point by point
  ----------------------------------------
  
 mdl_sqrt__aS =   0.34336569426778790     
 mdl_Gstrong =    1.2171996941475736     
 mdl_gHgg2 =   -3.6486270703817007E-004
 mdl_gHgg4 =    1.0424648772519146E-004
 mdl_gHgg5 =    1.8764367790534461E-003
 mdl_G__exp__2 =    1.4815750954329465     
 mdl_gHgg1 =    3.1273946317557436E-003
 mdl_gHgg3 =    7.6133275785037098E-004
 mdl_G__exp__3 =                (1.8033727530176447,0.0000000000000000)
  Couplings of SMEFTsim_topU3l_MwScheme_UFO_ctGpatched-massless_2t
  ---------------------------------
  
       GC_351 =  -0.20980E-14   0.00000E+00
       GC_352 =   0.00000E+00   0.21192E-14
       GC_385 =   0.00000E+00   0.25537E-14
       GC_386 =   0.25795E-14   0.00000E+00
         GC_6 =  -0.00000E+00  -0.12172E+01
         GC_7 =   0.12172E+01   0.00000E+00
         GC_8 =   0.00000E+00   0.14816E+01
        GC_98 =  -0.85208E-17   0.00000E+00
        GC_99 =   0.00000E+00   0.86069E-17
        GC_64 =   0.00000E+00   0.29000E-16
        GC_65 =   0.00000E+00   0.25000E-16
        GC_67 =   0.00000E+00   0.17000E-16
        GC_68 =   0.00000E+00   0.15000E-16
        GC_69 =  -0.00000E+00  -0.18000E-16
        GC_70 =   0.00000E+00   0.18000E-16
        GC_72 =  -0.00000E+00  -0.16000E-16
        GC_73 =   0.00000E+00   0.16000E-16
        GC_80 =   0.00000E+00   0.46000E-16
        GC_81 =   0.00000E+00   0.31000E-16
        GC_82 =   0.00000E+00   0.30000E-16
        GC_91 =   0.00000E+00   0.28000E-16
        GC_92 =   0.00000E+00   0.24000E-16
        GC_95 =   0.00000E+00   0.27000E-16
        GC_96 =   0.00000E+00   0.22000E-16
       GC_112 =   0.00000E+00   0.73000E-16
       GC_113 =   0.00000E+00   0.72000E-16
       GC_116 =   0.00000E+00   0.26000E-16
       GC_117 =   0.00000E+00   0.44000E-16
         GC_1 =   0.00000E+00   0.10275E+00
         GC_2 =  -0.00000E+00  -0.20550E+00
       GC_202 =  -0.00000E+00  -0.46172E+00
       GC_203 =  -0.00000E+00  -0.37035E+00
       GC_263 =  -0.00000E+00  -0.55024E-01
       GC_264 =   0.00000E+00   0.11005E+00
       GC_566 =  -0.00000E+00  -0.16977E-01
      GC_1025 =  -0.00000E+00  -0.70059E+00

 Collider parameters:
 --------------------

 Running at P P   machine @    13000.000000000000       GeV
 PDF set = lhapdf 
 alpha_s(Mz)= 0.1180 running at 3 loops.
 alpha_s(Mz)= 0.1180 running at 3 loops.
 Renormalization scale set on event-by-event basis
 Factorization   scale set on event-by-event basis


 getting user params
Enter number of events and max and min iterations: 
 Number of events and iterations         2000           8           3
Enter desired fractional accuracy: 
 Desired fractional accuracy:    1.0000000000000000E-002
Enter 0 for fixed, 2 for adjustable grid: 
Suppress amplitude (0 no, 1 yes)? 
 Using suppressed amplitude.
Exact helicity sum (0 yes, n = number/event)? 
 Explicitly summing over helicities
Enter Configuration Number: 
Running Configuration Number:    6
 Using dconfig=          22
 BW Setting            1           1           2           0           0           0           0
 Attempting mappinvarients           1           9
 Completed mapping           9
 about to integrate           19        2000           8           3          19           1
 Using non-zero grid deformation.
 19 dimensions   2000 events 19 invarients  8 iterations  1 config(s),  (0.99)
 Using h-tuple random number sequence.
 Error opening grid
 Using Uniform Grid!          36
 Using uniform alpha   1.0000000000000000     
 Grid defined OK
 Set CM energy to      13000.00
 Mapping Graph           6  to config           6
 Setting BW          -1           1   80.387000000000000     
 Setting BW          -2           2   172.50000000000000     
Setting grid   3    0.13770E-03   1
 Setting BW          -4           4   80.387000000000000     
 Setting BW          -5           5   172.50000000000000     
Setting grid   6    0.55080E-03   1
 Transforming s_hat 1/s           18   6.2538467455621318E-004   3600.0000000000000        168999999.99999997     
   6   1   2   3   4   5   6   7   8   9  10  11  12  13  14
  15  16  17  18  19
 Masses: 0.000E+00 0.000E+00 0.000E+00 0.000E+00 0.000E+00 0.000E+00 0.000E+00 0.000E+00 0.000E+00
Using random seed offsets     6 :      3
  with seed                   24
 Ranmar initialization seeds       31064        9400
 
 ********************************************
 * You are using the DiscreteSampler module *
 *      part of the MG5_aMC framework       *
 *         Author: Valentin Hirschi         *
 ********************************************
 
  Particle       3       4       5       6       7       8       9
      Et >     0.0     0.0    20.0     0.0     0.0    20.0    20.0
       E >     0.0     0.0     0.0     0.0     0.0     0.0     0.0
     Eta <     5.0    -1.0     5.0     5.0    -1.0     5.0     5.0
   xqcut:      0.0     0.0    20.0     0.0     0.0    20.0    20.0
d R # 3  >    -0.0     0.0     0.0     0.0     0.0     0.0     0.0
d R # 4  >    -0.0    -0.0     0.0     0.0     0.0     0.0     0.0
d R # 5  >    -0.0    -0.0    -0.0     0.0     0.0     0.0     0.0
d R # 6  >    -0.0    -0.0    -0.0    -0.0     0.0     0.0     0.0
d R # 7  >    -0.0    -0.0    -0.0    -0.0    -0.0     0.0     0.0
d R # 8  >    -0.0    -0.0    -0.0    -0.0    -0.0    -0.0     0.0
s min # 3>     0.0     0.0     0.0     0.0     0.0     0.0     0.0
s min # 4>     0.0     0.0     0.0     0.0     0.0     0.0     0.0
s min # 5>     0.0     0.0     0.0     0.0     0.0   400.0   400.0
s min # 6>     0.0     0.0     0.0     0.0     0.0     0.0     0.0
s min # 7>     0.0     0.0     0.0     0.0     0.0     0.0     0.0
s min # 8>     0.0     0.0     0.0     0.0     0.0     0.0   400.0
xqcutij # 3>     0.0     0.0     0.0     0.0     0.0     0.0     0.0
xqcutij # 4>     0.0     0.0     0.0     0.0     0.0     0.0     0.0
xqcutij # 5>     0.0     0.0     0.0     0.0     0.0     0.0     0.0
xqcutij # 6>     0.0     0.0     0.0     0.0     0.0     0.0     0.0
xqcutij # 7>     0.0     0.0     0.0     0.0     0.0     0.0     0.0
xqcutij # 8>     0.0     0.0     0.0     0.0     0.0     0.0     0.0
 Requiring BW           -1           1
 Requiring BW           -2           2
 Excluding BW           -3           3
 No cut BW           -4           4
 No cut BW           -5           5
 alpha_s for scale    362.29656918128461       is    9.7722195333701412E-002
 Added good helicity            1   224.84758050605896       in event            1 local:           1
 Added good helicity            2   188.15769703240727       in event            1 local:           1
 Added good helicity          385   50.167482710799149       in event            1 local:           1
 Added good helicity          386   48.827239750734577       in event            1 local:           1
 Added good helicity            1   224.84758050605907       in event            1 local:           1
 Added good helicity            2   188.15769703240733       in event            1 local:           1
 Added good helicity          385   50.167482710799078       in event            1 local:           1
 Added good helicity          386   48.827239750734478       in event            1 local:           1
 Added good helicity          129   3.5304320873165540E-002  in event            3 local:           1
 Added good helicity          130   4.0609899735963961E-002  in event            3 local:           1
 Added good helicity          257   4.0016159338416554E-002  in event            3 local:           1
 Added good helicity          258   3.5898061270712947E-002  in event            3 local:           1
 Added good helicity          129   3.5304320873165609E-002  in event            3 local:           1
 Added good helicity          130   4.0609899735964045E-002  in event            3 local:           1
 Added good helicity          257   4.0016159338416638E-002  in event            3 local:           1
 Added good helicity          258   3.5898061270713016E-002  in event            3 local:           1
 RESET CUMULATIVE VARIABLE
 RESET CUMULATIVE VARIABLE
 RESET CUMULATIVE VARIABLE
 Iteration  1   Mean: 0.2690E+00 Abs mean: 0.2690E+00   Fluctuation:  0.335E-01   0.290E+02    31.9%
  1    0.2690E+00 0.2690E+00 +- 0.3347E-01      5.56
 Writing out events   5.2646893114444851E-005   5.5641457351836179     
 Relative summed weights:
  0.1455E+00  0.1126E+00  0.1530E+00  0.1159E+00  0.8409E-05  0.1413E-01
  0.1438E+00  0.6049E-01  0.1385E+00  0.1134E+00  0.2701E-02  0.1581E-04
 Relative number of events:
  0.1528E+00  0.1837E+00  0.1588E+00  0.1259E+00  0.9955E-03  0.2987E-02
  0.9109E-01  0.9009E-01  0.9706E-01  0.9308E-01  0.1991E-02  0.1493E-02
 Events:
         307         369         319         253           2           6
         183         181         195         187           4           3
 Iteration  2   Mean: 0.2941E+00 Abs mean: 0.2941E+00   Fluctuation:  0.174E-01   0.251E+02    51.2%
  2    0.2941E+00 0.2941E+00 +- 0.1743E-01      3.75
 Relative summed weights:
  0.1420E+00  0.1637E+00  0.1270E+00  0.8823E-01  0.5321E-03  0.7368E-04
  0.1369E+00  0.1377E+00  0.1295E+00  0.7316E-01  0.9173E-03  0.2707E-03
 Relative number of events:
  0.1837E+00  0.1745E+00  0.1245E+00  0.1285E+00  0.2000E-02  0.1000E-02
  0.9850E-01  0.9950E-01  0.9625E-01  0.8875E-01  0.1750E-02  0.1000E-02
 Events:
         735         698         498         514           8           4
         394         398         385         355           7           4
 Iteration  3   Mean: 0.3292E+00 Abs mean: 0.3292E+00   Fluctuation:  0.115E-01   0.385E+02    54.5%
  3    0.3292E+00 0.3292E+00 +- 0.1152E-01      3.13
 Relative summed weights:
  0.1330E+00  0.1401E+00  0.1107E+00  0.9198E-01  0.1340E-02  0.1999E-02
  0.1430E+00  0.1461E+00  0.1152E+00  0.1154E+00  0.1198E-03  0.9704E-03
 Relative number of events:
  0.1774E+00  0.1770E+00  0.1333E+00  0.1258E+00  0.2500E-02  0.1375E-02
  0.1014E+00  0.1039E+00  0.8862E-01  0.8625E-01  0.8750E-03  0.1750E-02
 Events:
        1419        1416        1066        1006          20          11
         811         831         709         690           7          14
 Accuracy:    0.042   0.010   0.029   2.078
 Found         1208  events.
 Wrote          126  events.
 Actual xsec   0.31727596497195243     
 Correct abs xsec   0.31727596497195243     
 Event xsec   0.31727596497195187     
 Events wgts > 1:            4
 % Cross section > 1:    2.8202554010965052E-003  0.88889664281560821     
 Iteration  4   Mean: 0.3113E+00 Abs mean: 0.3113E+00   Fluctuation:  0.530E-02   0.129E+02    55.1%
  4    0.3113E+00 0.3113E+00 +- 0.5299E-02      2.15
 Relative summed weights:
  0.1455E+00  0.1499E+00  0.1020E+00  0.1131E+00  0.1615E-02  0.1522E-02
Thanks for using LHAPDF 6.2.1. Please make sure to cite the paper:
  Eur.Phys.J. C75 (2015) 3, 132  (http://arxiv.org/abs/1412.7420)
  0.1432E+00  0.1401E+00  0.9726E-01  0.1042E+00  0.1340E-02  0.3574E-03
 Relative number of events:
  0.1801E+00  0.1811E+00  0.1219E+00  0.1298E+00  0.1625E-02  0.1563E-02
  0.1064E+00  0.1024E+00  0.8712E-01  0.8569E-01  0.1500E-02  0.1000E-02
 Events:
        2881        2897        1950        2076          26          25
        1702        1638        1394        1371          24          16
 Accuracy:    0.018   0.010   0.015   1.529
 Found         2410  events.
 Wrote          827  events.
 Actual xsec   0.31346793202924883     
 Correct abs xsec   0.31346793202924883     
 Event xsec   0.31346793202925294     
 Events wgts > 1:           20
 % Cross section > 1:    2.9314356018459425E-003  0.93516283559505531     
 Iteration  5   Mean: 0.3209E+00 Abs mean: 0.3209E+00   Fluctuation:  0.359E-02   0.129E+02    55.2%
  5    0.3209E+00 0.3209E+00 +- 0.3587E-02      2.00
 Relative summed weights:
  0.1433E+00  0.1485E+00  0.1077E+00  0.9642E-01  0.1386E-02  0.1634E-02
  0.1543E+00  0.1387E+00  0.1022E+00  0.1034E+00  0.1546E-02  0.9981E-03
 Relative number of events:
  0.1781E+00  0.1863E+00  0.1259E+00  0.1252E+00  0.1437E-02  0.1781E-02
  0.1076E+00  0.1013E+00  0.8538E-01  0.8394E-01  0.1750E-02  0.1313E-02
 Events:
        5699        5961        4028        4006          46          57
        3444        3243        2732        2686          56          42
 Accuracy:    0.011   0.010   0.009   1.576
 Found         5352  events.
 Wrote         1922  events.
 Actual xsec   0.31873678853205534     
 Correct abs xsec   0.31873678853205534     
 Event xsec   0.31873678853206849     
 Events wgts > 1:           52
 % Cross section > 1:    3.0588841851298442E-003  0.95968971740520814     
 Iteration  6   Mean: 0.3200E+00 Abs mean: 0.3200E+00   Fluctuation:  0.236E-02   0.172E+02    55.1%
  6    0.3200E+00 0.3200E+00 +- 0.2359E-02      1.86
 Relative summed weights:
  0.1427E+00  0.1464E+00  0.1052E+00  0.1028E+00  0.1512E-02  0.8914E-03
  0.1423E+00  0.1477E+00  0.1046E+00  0.1031E+00  0.1311E-02  0.1484E-02
 Relative number of events:
  0.1833E+00  0.1836E+00  0.1260E+00  0.1227E+00  0.1625E-02  0.1359E-02
  0.1040E+00  0.1043E+00  0.8575E-01  0.8405E-01  0.1547E-02  0.1578E-02
 Events:
       11732       11751        8067        7856         104          87
        6659        6677        5488        5379          99         101
 Accuracy:    0.007   0.010   0.006   1.315
 Finished due to accuracy    6.5096873291043689E-003   1.0000000000000000E-002

 -------------------------------------------------------------------------------
 Accumulated results:   Integral =  0.3192E+00
                        Std dev  =  0.1812E-02
                       Cross sec =  0.3192E+00
             Chi**2 per DoF.     =      1.3146
 -------------------------------------------------------------------------------
 Found        10683  events.
 Wrote         4662  events.
 Actual xsec   0.31923769637986538     
 Correct abs xsec   0.31923769637986538     
 Event xsec   0.31923769637986538     
 Events wgts > 1:          128
 % Cross section > 1:    3.1475679234396329E-003  0.98596373772046586     
-------------------------------------------------
---------------------------
 Results Last   3 iters: Integral =   0.3192E+00
                     Abs integral =   0.3192E+00
                          Std dev =   0.1848E-02
                  Chi**2 per DoF. =      1.2641
-------------------------------------------------
---------------------------
 Status   1.0000000000000000E-002           7           8

ls status:
events.lhe
ftn26
input_app.txt
results.dat
run1_app.log
