==== LHAPDF6 USING DEFAULT-TYPE LHAGLUE INTERFACE ====
LHAPDF 6.2.1 loading /cvmfs/cms.cern.ch/slc7_amd64_gcc700/external/lhapdf/6.2.1-pafccj3/share/LHAPDF/NNPDF31_nnlo_as_0118_mc_hessian_pdfas/NNPDF31_nnlo_as_0118_mc_hessian_pdfas_0000.dat
NNPDF31_nnlo_as_0118_mc_hessian_pdfas PDF set, member #0, version 1; LHAPDF ID = 325300
 Process in group number            1
 A PDF is used, so alpha_s(MZ) is going to be modified
 Old value of alpha_s from param_card:   0.11790000000000000     
 New value of alpha_s from PDF lhapdf :  0.11800208008122040     
 using LHAPDF
 Warning! ptj set to xqcut=   20.000000000000000       to improve integration efficiency
 Note that this might affect non-radiated jets,
 e.g. from decays. Use cut_decays=F in run_card.
 Warning! mmjj set to xqcut=   20.000000000000000       to improve integration efficiency
 Note that this might affect non-radiated jets,
 e.g. from decays. Use cut_decays=F in run_card.
 Define smin to   3600.0000000000000     
 Define smin to   3600.0000000000000     
 Define smin to   3600.0000000000000     
 *****************************************************
 *               MadGraph/MadEvent                   *
 *        --------------------------------           *
 *          http://madgraph.hep.uiuc.edu             *
 *          http://madgraph.phys.ucl.ac.be           *
 *          http://madgraph.roma2.infn.it            *
 *        --------------------------------           *
 *                                                   *
 *          PARAMETER AND COUPLING VALUES            *
 *                                                   *
 *****************************************************

  External Params
  ---------------------------------
  
 mdl_ctGRe =    9.9999999999999994E-012
 mdl_cjj31 =    7.1000000000000000E-011
 mdl_cQj11 =    1.6999999999999999E-011
 mdl_cQj18 =    1.5000000000000000E-011
 mdl_cQj31 =    1.7999999999999999E-011
 mdl_cQj38 =    1.6000000000000000E-011
 mdl_cQQ8 =    2.3000000000000001E-011
 mdl_ctu1 =    2.6000000000000001E-011
 mdl_ctu8 =    4.4000000000000003E-011
 mdl_ctd1 =    2.7000000000000000E-011
 mdl_ctd8 =    2.2000000000000002E-011
 mdl_cQu1 =    2.8000000000000000E-011
 mdl_cQu8 =    2.4000000000000001E-011
 mdl_ctj1 =    7.3000000000000006E-011
 mdl_ctj8 =    7.1999999999999997E-011
 mdl_cQt1 =    3.1000000000000003E-011
 mdl_cQt8 =    3.0000000000000000E-011
 mdl_cQd1 =    2.9000000000000000E-011
 mdl_cQd8 =    2.5000000000000001E-011
 mdl_ctGIm =    9.8999999999999994E-012
 mdl_LambdaSMEFT =    1000.0000000000000     
 mdl_MW =    80.387000000000000     
 mdl_Gf =    1.1663789999999999E-005
 aS =   0.11790000000000000     
 mdl_ymb =    4.1799999999999997     
 mdl_ymt =    172.50000000000000     
 mdl_MZ =    91.187600000000003     
 mdl_MT =    172.50000000000000     
 mdl_MH =    125.00000000000000     
 mdl_WZ =    2.4952000000000001     
 mdl_WW =    2.0850000000000000     
 mdl_WT =    1.3300000000000001     
 mdl_WH =    4.0699999999999998E-003
  Internal Params
  ---------------------------------
  
 mdl_cH =    0.0000000000000000     
 mdl_conjg__cbH =    0.0000000000000000     
 mdl_dGf =    0.0000000000000000     
 mdl_dMH2 =    0.0000000000000000     
 mdl_conjg__ctHH =    0.0000000000000000     
 mdl_dg1 =    0.0000000000000000     
 mdl_cHB =    0.0000000000000000     
 mdl_cHW =    0.0000000000000000     
 mdl_dgw =    0.0000000000000000     
 mdl_complexi =                (0.0000000000000000,1.0000000000000000)
 mdl_ctG =    (9.99999999999999939E-012,9.89999999999999942E-012)
 mdl_MWsm =    80.387000000000000     
 mdl_MW__exp__2 =    6462.0697689999997     
 mdl_MZ__exp__2 =    8315.1783937600012     
 mdl_sqrt__2 =    1.4142135623730951     
 mdl_nb__2__exp__0_25 =    1.1892071150027210     
 mdl_MH__exp__2 =    15625.000000000000     
 mdl_sth2 =   0.22285855299877133     
 mdl_nb__10__exp___m_40 =    9.9999999999999993E-041
 mdl_MZ1 =    91.187600000000003     
 mdl_MH1 =    125.00000000000000     
 mdl_MT1 =    172.50000000000000     
 mdl_WZ1 =    2.4952000000000001     
 mdl_WW1 =    2.0850000000000000     
 mdl_WH1 =    4.0699999999999998E-003
 mdl_WT1 =    1.3300000000000001     
 mdl_cth =   0.88155626422890820     
 mdl_MW1 =    80.387000000000000     
 mdl_sqrt__sth2 =   0.47207896902824564     
 mdl_sth =   0.47207896902824564     
 mdl_LambdaSMEFT__exp__2 =    1000000.0000000000     
 mdl_MT__exp__2 =    29756.250000000000     
 mdl_MH__exp__6 =    3814697265625.0000     
 mdl_MWsm__exp__6 =    269845343347.69711     
 mdl_MH__exp__4 =    244140625.00000000     
 mdl_MWsm__exp__4 =    41758345.699423708     
 mdl_MWsm__exp__2 =    6462.0697689999997     
 mdl_MZ__exp__4 =    69142191.720053151     
 mdl_MZ__exp__6 =    574929658687.79749     
 mdl_cth__exp__2 =   0.77714144700122867     
 mdl_sth__exp__2 =   0.22285855299877130     
 mdl_MZ__exp__3 =    758241.16129882948     
 mdl_sth__exp__4 =    4.9665934644706158E-002
 mdl_sth__exp__6 =    1.1068478328250760E-002
 mdl_sth__exp__3 =   0.10520683593878660     
 mdl_sth__exp__5 =    2.3446243222897113E-002
 mdl_cth__exp__3 =   0.68509391079585125     
 mdl_aEW =    7.5614618607353409E-003
 mdl_sqrt__Gf =    3.4152291284773265E-003
 mdl_vevhat =    246.21961912951551     
 mdl_lam =   0.12886789067712248     
 mdl_sqrt__aEW =    8.6956666568672819E-002
 mdl_ee =   0.30825335704310214     
 mdl_yb =    2.4008698866559607E-002
 mdl_yt =   0.99078960633529489     
 mdl_vevhat__exp__2 =    60624.100844283676     
 mdl_vevT =    246.21961912951551     
 mdl_g1 =   0.34966952144878632     
 mdl_gw =   0.65296989967087182     
 mdl_yb0 =          (2.40086988665596072E-002,0.0000000000000000)
 mdl_yt0 =               (0.99078960633529489,0.0000000000000000)
 mdl_ee__exp__2 =    9.5020132128342205E-002
 mdl_gHaa =   -1.9304585232491906E-003
 mdl_gHza =   -6.8535659868940091E-003
 mdl_barlam =   0.12886789067712248     
 mdl_gwsh =   0.65296989967087182     
 mdl_vev =    246.21961912951551     
 mdl_g1sh =   0.34966952144878632     
 mdl_ee__exp__3 =    2.9290274715240611E-002
 mdl_vevhat__exp__3 =    14926843.019948866     
  Internal Params evaluated point by point
  ----------------------------------------
  
 mdl_sqrt__aS =   0.34336569426778790     
 mdl_Gstrong =    1.2171996941475736     
 mdl_gHgg2 =   -3.6486270703817007E-004
 mdl_gHgg4 =    1.0424648772519146E-004
 mdl_gHgg5 =    1.8764367790534461E-003
 mdl_G__exp__2 =    1.4815750954329465     
 mdl_gHgg1 =    3.1273946317557436E-003
 mdl_gHgg3 =    7.6133275785037098E-004
 mdl_G__exp__3 =                (1.8033727530176447,0.0000000000000000)
  Couplings of SMEFTsim_topU3l_MwScheme_UFO_ctGpatched-massless_2t
  ---------------------------------
  
       GC_351 =  -0.20980E-14   0.00000E+00
       GC_352 =   0.00000E+00   0.21192E-14
       GC_385 =   0.00000E+00   0.25537E-14
       GC_386 =   0.25795E-14   0.00000E+00
         GC_6 =  -0.00000E+00  -0.12172E+01
         GC_7 =   0.12172E+01   0.00000E+00
         GC_8 =   0.00000E+00   0.14816E+01
        GC_98 =  -0.85208E-17   0.00000E+00
        GC_99 =   0.00000E+00   0.86069E-17
        GC_64 =   0.00000E+00   0.29000E-16
        GC_65 =   0.00000E+00   0.25000E-16
        GC_67 =   0.00000E+00   0.17000E-16
        GC_68 =   0.00000E+00   0.15000E-16
        GC_69 =  -0.00000E+00  -0.18000E-16
        GC_70 =   0.00000E+00   0.18000E-16
        GC_72 =  -0.00000E+00  -0.16000E-16
        GC_73 =   0.00000E+00   0.16000E-16
        GC_80 =   0.00000E+00   0.46000E-16
        GC_81 =   0.00000E+00   0.31000E-16
        GC_82 =   0.00000E+00   0.30000E-16
        GC_91 =   0.00000E+00   0.28000E-16
        GC_92 =   0.00000E+00   0.24000E-16
        GC_95 =   0.00000E+00   0.27000E-16
        GC_96 =   0.00000E+00   0.22000E-16
       GC_112 =   0.00000E+00   0.73000E-16
       GC_113 =   0.00000E+00   0.72000E-16
       GC_116 =   0.00000E+00   0.26000E-16
       GC_117 =   0.00000E+00   0.44000E-16
         GC_1 =   0.00000E+00   0.10275E+00
         GC_2 =  -0.00000E+00  -0.20550E+00
       GC_202 =  -0.00000E+00  -0.46172E+00
       GC_203 =  -0.00000E+00  -0.37035E+00
       GC_263 =  -0.00000E+00  -0.55024E-01
       GC_264 =   0.00000E+00   0.11005E+00
       GC_566 =  -0.00000E+00  -0.16977E-01
      GC_1025 =  -0.00000E+00  -0.70059E+00

 Collider parameters:
 --------------------

 Running at P P   machine @    13000.000000000000       GeV
 PDF set = lhapdf 
 alpha_s(Mz)= 0.1180 running at 3 loops.
 alpha_s(Mz)= 0.1180 running at 3 loops.
 Renormalization scale set on event-by-event basis
 Factorization   scale set on event-by-event basis


 getting user params
Enter number of events and max and min iterations: 
 Number of events and iterations         2000           8           3
Enter desired fractional accuracy: 
 Desired fractional accuracy:    1.0000000000000000E-002
Enter 0 for fixed, 2 for adjustable grid: 
Suppress amplitude (0 no, 1 yes)? 
 Using suppressed amplitude.
Exact helicity sum (0 yes, n = number/event)? 
 Explicitly summing over helicities
Enter Configuration Number: 
Running Configuration Number:   16
 Using dconfig=         634
 BW Setting            1           1           1           2           1           2           0
 Attempting mappinvarients           1           9
 Completed mapping           9
 about to integrate           19        2000           8           3          19           1
 Using non-zero grid deformation.
 19 dimensions   2000 events 19 invarients  8 iterations  1 config(s),  (0.99)
 Using h-tuple random number sequence.
 Error opening grid
 Using Uniform Grid!          36
 Using uniform alpha   1.0000000000000000     
 Grid defined OK
 Set CM energy to      13000.00
 Mapping Graph          16  to config          16
 Setting BW          -1           1   80.387000000000000     
 Setting BW          -2           2   172.50000000000000     
 Setting BW          -3           3   172.50000000000000     
Setting grid   4    0.59172E-08   1
 Setting BW          -5           5   172.50000000000000     
Setting grid   6    0.59987E-03   1
 Transforming s_hat 1/s           18   6.2538467455621318E-004   3600.0000000000000        168999999.99999997     
  16   1   2   3   4   5   6   7   8   9  10  11  12  13  14
  15  16  17  18  19
 Masses: 0.000E+00 0.000E+00 0.000E+00 0.000E+00 0.000E+00 0.000E+00 0.000E+00 0.000E+00 0.000E+00
Using random seed offsets    16 :      3
  with seed                   24
 Ranmar initialization seeds       31074        9400
 
 ********************************************
 * You are using the DiscreteSampler module *
 *      part of the MG5_aMC framework       *
 *         Author: Valentin Hirschi         *
 ********************************************
 
  Particle       3       4       5       6       7       8       9
      Et >     0.0     0.0    20.0     0.0     0.0    20.0    20.0
       E >     0.0     0.0     0.0     0.0     0.0     0.0     0.0
     Eta <     5.0    -1.0     5.0     5.0    -1.0     5.0     5.0
   xqcut:      0.0     0.0    20.0     0.0     0.0    20.0    20.0
d R # 3  >    -0.0     0.0     0.0     0.0     0.0     0.0     0.0
d R # 4  >    -0.0    -0.0     0.0     0.0     0.0     0.0     0.0
d R # 5  >    -0.0    -0.0    -0.0     0.0     0.0     0.0     0.0
d R # 6  >    -0.0    -0.0    -0.0    -0.0     0.0     0.0     0.0
d R # 7  >    -0.0    -0.0    -0.0    -0.0    -0.0     0.0     0.0
d R # 8  >    -0.0    -0.0    -0.0    -0.0    -0.0    -0.0     0.0
s min # 3>     0.0     0.0     0.0     0.0     0.0     0.0     0.0
s min # 4>     0.0     0.0     0.0     0.0     0.0     0.0     0.0
s min # 5>     0.0     0.0     0.0     0.0     0.0   400.0   400.0
s min # 6>     0.0     0.0     0.0     0.0     0.0     0.0     0.0
s min # 7>     0.0     0.0     0.0     0.0     0.0     0.0     0.0
s min # 8>     0.0     0.0     0.0     0.0     0.0     0.0   400.0
xqcutij # 3>     0.0     0.0     0.0     0.0     0.0     0.0     0.0
xqcutij # 4>     0.0     0.0     0.0     0.0     0.0     0.0     0.0
xqcutij # 5>     0.0     0.0     0.0     0.0     0.0     0.0     0.0
xqcutij # 6>     0.0     0.0     0.0     0.0     0.0     0.0     0.0
xqcutij # 7>     0.0     0.0     0.0     0.0     0.0     0.0     0.0
xqcutij # 8>     0.0     0.0     0.0     0.0     0.0     0.0     0.0
 Requiring BW           -1           1
 Requiring BW           -2           2
 Requiring BW           -3           3
 Excluding BW           -4           4
 Requiring BW           -5           5
 Excluding BW           -6           6
 alpha_s for scale    592.80513713629841       is    9.2100941857073917E-002
 Added good helicity            1   150.67092239392034       in event            1 local:           1
 Added good helicity            2   170.69015941633197       in event            1 local:           1
 Added good helicity          129   4.2479725380997216E-002  in event            1 local:           1
 Added good helicity          130   6.3564979382637957E-002  in event            1 local:           1
 Added good helicity          257   5.0015132404782614E-002  in event            1 local:           1
 Added good helicity          258   5.6029572358852558E-002  in event            1 local:           1
 Added good helicity          385   84.776544747992332       in event            1 local:           1
 Added good helicity          386   105.65028403222811       in event            1 local:           1
 Added good helicity            1   150.67092239392431       in event            1 local:           1
 Added good helicity            2   170.69015941633063       in event            1 local:           1
 Added good helicity          129   4.2479725380996688E-002  in event            1 local:           1
 Added good helicity          130   6.3564979382637346E-002  in event            1 local:           1
 Added good helicity          257   5.0015132404781996E-002  in event            1 local:           1
 Added good helicity          258   5.6029572358852038E-002  in event            1 local:           1
 Added good helicity          385   84.776544747991224       in event            1 local:           1
 Added good helicity          386   105.65028403222652       in event            1 local:           1
 RESET CUMULATIVE VARIABLE
 RESET CUMULATIVE VARIABLE
 RESET CUMULATIVE VARIABLE
 Iteration  1   Mean: 0.8005E-09 Abs mean: 0.8005E-09   Fluctuation:  0.461E-09   0.677E-06     0.4%
  1    0.8005E-09 0.8005E-09 +- 0.4610E-09     22.92
 Writing out events   1.0006410603140099E-011   22.917805386631905     
 Relative summed weights:
  0.0000E+00  0.0000E+00  0.0000E+00  0.0000E+00  0.3514E-01  0.6562E-01
  0.0000E+00  0.0000E+00  0.0000E+00  0.0000E+00  0.7279E-01  0.8265E+00
 Relative number of events:
  0.0000E+00  0.0000E+00  0.0000E+00  0.0000E+00  0.2472E+00  0.2947E+00
  0.0000E+00  0.0000E+00  0.0000E+00  0.0000E+00  0.2159E+00  0.2422E+00
 Events:
           0           0           0           0         395         471
           0           0           0           0         345         387
 Iteration  2   Mean: 0.2294E-09 Abs mean: 0.2294E-09   Fluctuation:  0.437E-10   0.968E-07     3.7%
  2    0.2294E-09 0.2294E-09 +- 0.4373E-10     12.06
 Relative summed weights:
  0.0000E+00  0.0000E+00  0.0000E+00  0.0000E+00  0.2158E+00  0.2843E+00
  0.0000E+00  0.0000E+00  0.0000E+00  0.0000E+00  0.3026E+00  0.1973E+00
 Relative number of events:
  0.0000E+00  0.0000E+00  0.0000E+00  0.0000E+00  0.2545E+00  0.2767E+00
  0.0000E+00  0.0000E+00  0.0000E+00  0.0000E+00  0.2402E+00  0.2285E+00
 Events:
           0           0           0           0        1018        1107
           0           0           0           0         961         914
 Iteration  3   Mean: 0.3731E-09 Abs mean: 0.3731E-09   Fluctuation:  0.467E-10   0.230E-06     8.1%
  3    0.3731E-09 0.3731E-09 +- 0.4671E-10     11.20
 Relative summed weights:
  0.0000E+00  0.0000E+00  0.0000E+00  0.0000E+00  0.2880E+00  0.2808E+00
  0.0000E+00  0.0000E+00  0.0000E+00  0.0000E+00  0.2023E+00  0.2289E+00
 Relative number of events:
  0.0000E+00  0.0000E+00  0.0000E+00  0.0000E+00  0.2727E+00  0.2729E+00
  0.0000E+00  0.0000E+00  0.0000E+00  0.0000E+00  0.2268E+00  0.2276E+00
 Events:
           0           0           0           0        2182        2183
           0           0           0           0        1814        1821
 Accuracy:    0.216   0.010   0.103   4.390
 Found         1752  events.
 Wrote            9  events.
 Actual xsec    3.4486509865141980E-010
 Correct abs xsec    3.4486509865141980E-010
 Event xsec    3.4486509865141975E-010
 Events wgts > 1:            0
 % Cross section > 1:    0.0000000000000000        0.0000000000000000     
 Iteration  4   Mean: 0.4606E-09 Abs mean: 0.4606E-09   Fluctuation:  0.461E-10   0.632E-06    10.1%
  4    0.4606E-09 0.4606E-09 +- 0.4610E-10     12.66
 Relative summed weights:
  0.0000E+00  0.0000E+00  0.0000E+00  0.0000E+00  0.3072E+00  0.2655E+00
  0.0000E+00  0.0000E+00  0.0000E+00  0.0000E+00  0.2022E+00  0.2250E+00
 Relative number of events:
  0.0000E+00  0.0000E+00  0.0000E+00  0.0000E+00  0.2640E+00  0.2669E+00
  0.0000E+00  0.0000E+00  0.0000E+00  0.0000E+00  0.2344E+00  0.2346E+00
 Events:
           0           0           0           0        4224        4271
           0           0           0           0        3751        3754
 Accuracy:    0.133   0.010   0.072   3.452
 Found         3971  events.
 Wrote            9  events.
 Actual xsec    3.9808905885973206E-010
 Correct abs xsec    3.9808905885973206E-010
 Event xsec    3.9808905885973196E-010
 Events wgts > 1:            1
 % Cross section > 1:    4.5365226341995437E-018   1.1395748095146727E-006
 Iteration  5   Mean: 0.4218E-09 Abs mean: 0.4218E-09   Fluctuation:  0.115E-10   0.182E-06     9.4%
  5    0.4218E-09 0.4218E-09 +- 0.1153E-10      4.89
 Relative summed weights:
  0.0000E+00  0.0000E+00  0.0000E+00  0.0000E+00  0.2213E+00  0.2667E+00
  0.0000E+00  0.0000E+00  0.0000E+00  0.0000E+00  0.2564E+00  0.2555E+00
 Relative number of events:
  0.0000E+00  0.0000E+00  0.0000E+00  0.0000E+00  0.2663E+00  0.2696E+00
  0.0000E+00  0.0000E+00  0.0000E+00  0.0000E+00  0.2328E+00  0.2314E+00
 Events:
           0           0           0           0        8521        8627
           0           0           0           0        7448        7404
 Accuracy:    0.040   0.010   0.026   2.478
 Found         9943  events.
 Wrote          228  events.
 Actual xsec    4.2230545454635935E-010
 Correct abs xsec    4.2230545454635935E-010
 Event xsec    4.2230545454635759E-010
 Events wgts > 1:            3
 % Cross section > 1:    3.9496411492932157E-012  0.93525695838713196     
 Iteration  6   Mean: 0.4191E-09 Abs mean: 0.4191E-09   Fluctuation:  0.536E-11   0.998E-07     9.0%
  6    0.4191E-09 0.4191E-09 +- 0.5362E-11      3.24
 Relative summed weights:
  0.0000E+00  0.0000E+00  0.0000E+00  0.0000E+00  0.2475E+00  0.2533E+00
  0.0000E+00  0.0000E+00  0.0000E+00  0.0000E+00  0.2527E+00  0.2465E+00
 Relative number of events:
  0.0000E+00  0.0000E+00  0.0000E+00  0.0000E+00  0.2677E+00  0.2677E+00
  0.0000E+00  0.0000E+00  0.0000E+00  0.0000E+00  0.2341E+00  0.2305E+00
 Events:
           0           0           0           0       17135       17132
           0           0           0           0       14982       14751
 Accuracy:    0.016   0.010   0.011   1.987
 Found        25325  events.
 Wrote         1238  events.
 Actual xsec    4.2010102093696172E-010
 Correct abs xsec    4.2010102093696172E-010
 Event xsec    4.2010102093695371E-010
 Events wgts > 1:           26
 % Cross section > 1:    4.0592582790667907E-012  0.96625765631642691     
 Iteration  7   Mean: 0.4203E-09 Abs mean: 0.4203E-09   Fluctuation:  0.310E-11   0.714E-07     8.1%
  7    0.4203E-09 0.4203E-09 +- 0.3101E-11      2.64
 Relative summed weights:
  0.0000E+00  0.0000E+00  0.0000E+00  0.0000E+00  0.2463E+00  0.2492E+00
  0.0000E+00  0.0000E+00  0.0000E+00  0.0000E+00  0.2528E+00  0.2518E+00
 Relative number of events:
  0.0000E+00  0.0000E+00  0.0000E+00  0.0000E+00  0.2684E+00  0.2689E+00
  0.0000E+00  0.0000E+00  0.0000E+00  0.0000E+00  0.2315E+00  0.2312E+00
 Events:
           0           0           0           0       34355       34421
           0           0           0           0       29628       29596
 Accuracy:    0.008   0.010   0.006   1.656
 Finished due to accuracy    7.9776438183244772E-003   1.0000000000000000E-002

 -------------------------------------------------------------------------------
 Accumulated results:   Integral =  0.4200E-09
                        Std dev  =  0.2604E-11
                       Cross sec =  0.4200E-09
             Chi**2 per DoF.     =      1.6558
 -------------------------------------------------------------------------------
 Found        58160  events.
 Wrote         4351  events.
 Actual xsec    4.2009753802728299E-010
 Correct abs xsec    4.2009753802728299E-010
 Event xsec    4.2009753802725285E-010
Thanks for using LHAPDF 6.2.1. Please make sure to cite the paper:
  Eur.Phys.J. C75 (2015) 3, 132  (http://arxiv.org/abs/1412.7420)
 Events wgts > 1:           93
 % Cross section > 1:    4.1414181317192908E-012  0.98582299509944427     
-------------------------------------------------
---------------------------
 Results Last   3 iters: Integral =   0.4201E-09
                     Abs integral =   0.4201E-09
                          Std dev =   0.2614E-11
                  Chi**2 per DoF. =      0.0318
-------------------------------------------------
---------------------------
 Status   1.0000000000000000E-002           8           8

ls status:
events.lhe
ftn26
input_app.txt
results.dat
run1_app.log
