==== LHAPDF6 USING DEFAULT-TYPE LHAGLUE INTERFACE ====
LHAPDF 6.2.1 loading /cvmfs/cms.cern.ch/slc7_amd64_gcc700/external/lhapdf/6.2.1-pafccj3/share/LHAPDF/NNPDF31_nnlo_as_0118_mc_hessian_pdfas/NNPDF31_nnlo_as_0118_mc_hessian_pdfas_0000.dat
NNPDF31_nnlo_as_0118_mc_hessian_pdfas PDF set, member #0, version 1; LHAPDF ID = 325300
 Process in group number            1
 A PDF is used, so alpha_s(MZ) is going to be modified
 Old value of alpha_s from param_card:   0.11790000000000000     
 New value of alpha_s from PDF lhapdf :  0.11800208008122040     
 using LHAPDF
 Warning! ptj set to xqcut=   20.000000000000000       to improve integration efficiency
 Note that this might affect non-radiated jets,
 e.g. from decays. Use cut_decays=F in run_card.
 Warning! mmjj set to xqcut=   20.000000000000000       to improve integration efficiency
 Note that this might affect non-radiated jets,
 e.g. from decays. Use cut_decays=F in run_card.
 Define smin to   3600.0000000000000     
 Define smin to   3600.0000000000000     
 Define smin to   3600.0000000000000     
 *****************************************************
 *               MadGraph/MadEvent                   *
 *        --------------------------------           *
 *          http://madgraph.hep.uiuc.edu             *
 *          http://madgraph.phys.ucl.ac.be           *
 *          http://madgraph.roma2.infn.it            *
 *        --------------------------------           *
 *                                                   *
 *          PARAMETER AND COUPLING VALUES            *
 *                                                   *
 *****************************************************

  External Params
  ---------------------------------
  
 mdl_ctGRe =    9.9999999999999994E-012
 mdl_cjj31 =    7.1000000000000000E-011
 mdl_cQj11 =    1.6999999999999999E-011
 mdl_cQj18 =    1.5000000000000000E-011
 mdl_cQj31 =    1.7999999999999999E-011
 mdl_cQj38 =    1.6000000000000000E-011
 mdl_cQQ8 =    2.3000000000000001E-011
 mdl_ctu1 =    2.6000000000000001E-011
 mdl_ctu8 =    4.4000000000000003E-011
 mdl_ctd1 =    2.7000000000000000E-011
 mdl_ctd8 =    2.2000000000000002E-011
 mdl_cQu1 =    2.8000000000000000E-011
 mdl_cQu8 =    2.4000000000000001E-011
 mdl_ctj1 =    7.3000000000000006E-011
 mdl_ctj8 =    7.1999999999999997E-011
 mdl_cQt1 =    3.1000000000000003E-011
 mdl_cQt8 =    3.0000000000000000E-011
 mdl_cQd1 =    2.9000000000000000E-011
 mdl_cQd8 =    2.5000000000000001E-011
 mdl_ctGIm =    9.8999999999999994E-012
 mdl_LambdaSMEFT =    1000.0000000000000     
 mdl_MW =    80.387000000000000     
 mdl_Gf =    1.1663789999999999E-005
 aS =   0.11790000000000000     
 mdl_ymb =    4.1799999999999997     
 mdl_ymt =    172.50000000000000     
 mdl_MZ =    91.187600000000003     
 mdl_MT =    172.50000000000000     
 mdl_MH =    125.00000000000000     
 mdl_WZ =    2.4952000000000001     
 mdl_WW =    2.0850000000000000     
 mdl_WT =    1.3300000000000001     
 mdl_WH =    4.0699999999999998E-003
  Internal Params
  ---------------------------------
  
 mdl_cH =    0.0000000000000000     
 mdl_conjg__cbH =    0.0000000000000000     
 mdl_dGf =    0.0000000000000000     
 mdl_dMH2 =    0.0000000000000000     
 mdl_conjg__ctHH =    0.0000000000000000     
 mdl_dg1 =    0.0000000000000000     
 mdl_cHB =    0.0000000000000000     
 mdl_cHW =    0.0000000000000000     
 mdl_dgw =    0.0000000000000000     
 mdl_complexi =                (0.0000000000000000,1.0000000000000000)
 mdl_ctG =    (9.99999999999999939E-012,9.89999999999999942E-012)
 mdl_MWsm =    80.387000000000000     
 mdl_MW__exp__2 =    6462.0697689999997     
 mdl_MZ__exp__2 =    8315.1783937600012     
 mdl_sqrt__2 =    1.4142135623730951     
 mdl_nb__2__exp__0_25 =    1.1892071150027210     
 mdl_MH__exp__2 =    15625.000000000000     
 mdl_sth2 =   0.22285855299877133     
 mdl_nb__10__exp___m_40 =    9.9999999999999993E-041
 mdl_MZ1 =    91.187600000000003     
 mdl_MH1 =    125.00000000000000     
 mdl_MT1 =    172.50000000000000     
 mdl_WZ1 =    2.4952000000000001     
 mdl_WW1 =    2.0850000000000000     
 mdl_WH1 =    4.0699999999999998E-003
 mdl_WT1 =    1.3300000000000001     
 mdl_cth =   0.88155626422890820     
 mdl_MW1 =    80.387000000000000     
 mdl_sqrt__sth2 =   0.47207896902824564     
 mdl_sth =   0.47207896902824564     
 mdl_LambdaSMEFT__exp__2 =    1000000.0000000000     
 mdl_MT__exp__2 =    29756.250000000000     
 mdl_MH__exp__6 =    3814697265625.0000     
 mdl_MWsm__exp__6 =    269845343347.69711     
 mdl_MH__exp__4 =    244140625.00000000     
 mdl_MWsm__exp__4 =    41758345.699423708     
 mdl_MWsm__exp__2 =    6462.0697689999997     
 mdl_MZ__exp__4 =    69142191.720053151     
 mdl_MZ__exp__6 =    574929658687.79749     
 mdl_cth__exp__2 =   0.77714144700122867     
 mdl_sth__exp__2 =   0.22285855299877130     
 mdl_MZ__exp__3 =    758241.16129882948     
 mdl_sth__exp__4 =    4.9665934644706158E-002
 mdl_sth__exp__6 =    1.1068478328250760E-002
 mdl_sth__exp__3 =   0.10520683593878660     
 mdl_sth__exp__5 =    2.3446243222897113E-002
 mdl_cth__exp__3 =   0.68509391079585125     
 mdl_aEW =    7.5614618607353409E-003
 mdl_sqrt__Gf =    3.4152291284773265E-003
 mdl_vevhat =    246.21961912951551     
 mdl_lam =   0.12886789067712248     
 mdl_sqrt__aEW =    8.6956666568672819E-002
 mdl_ee =   0.30825335704310214     
 mdl_yb =    2.4008698866559607E-002
 mdl_yt =   0.99078960633529489     
 mdl_vevhat__exp__2 =    60624.100844283676     
 mdl_vevT =    246.21961912951551     
 mdl_g1 =   0.34966952144878632     
 mdl_gw =   0.65296989967087182     
 mdl_yb0 =          (2.40086988665596072E-002,0.0000000000000000)
 mdl_yt0 =               (0.99078960633529489,0.0000000000000000)
 mdl_ee__exp__2 =    9.5020132128342205E-002
 mdl_gHaa =   -1.9304585232491906E-003
 mdl_gHza =   -6.8535659868940091E-003
 mdl_barlam =   0.12886789067712248     
 mdl_gwsh =   0.65296989967087182     
 mdl_vev =    246.21961912951551     
 mdl_g1sh =   0.34966952144878632     
 mdl_ee__exp__3 =    2.9290274715240611E-002
 mdl_vevhat__exp__3 =    14926843.019948866     
  Internal Params evaluated point by point
  ----------------------------------------
  
 mdl_sqrt__aS =   0.34336569426778790     
 mdl_Gstrong =    1.2171996941475736     
 mdl_gHgg2 =   -3.6486270703817007E-004
 mdl_gHgg4 =    1.0424648772519146E-004
 mdl_gHgg5 =    1.8764367790534461E-003
 mdl_G__exp__2 =    1.4815750954329465     
 mdl_gHgg1 =    3.1273946317557436E-003
 mdl_gHgg3 =    7.6133275785037098E-004
 mdl_G__exp__3 =                (1.8033727530176447,0.0000000000000000)
  Couplings of SMEFTsim_topU3l_MwScheme_UFO_ctGpatched-massless_2t
  ---------------------------------
  
       GC_351 =  -0.20980E-14   0.00000E+00
       GC_352 =   0.00000E+00   0.21192E-14
       GC_385 =   0.00000E+00   0.25537E-14
       GC_386 =   0.25795E-14   0.00000E+00
         GC_6 =  -0.00000E+00  -0.12172E+01
         GC_7 =   0.12172E+01   0.00000E+00
         GC_8 =   0.00000E+00   0.14816E+01
        GC_98 =  -0.85208E-17   0.00000E+00
        GC_99 =   0.00000E+00   0.86069E-17
        GC_64 =   0.00000E+00   0.29000E-16
        GC_65 =   0.00000E+00   0.25000E-16
        GC_67 =   0.00000E+00   0.17000E-16
        GC_68 =   0.00000E+00   0.15000E-16
        GC_69 =  -0.00000E+00  -0.18000E-16
        GC_70 =   0.00000E+00   0.18000E-16
        GC_72 =  -0.00000E+00  -0.16000E-16
        GC_73 =   0.00000E+00   0.16000E-16
        GC_80 =   0.00000E+00   0.46000E-16
        GC_81 =   0.00000E+00   0.31000E-16
        GC_82 =   0.00000E+00   0.30000E-16
        GC_91 =   0.00000E+00   0.28000E-16
        GC_92 =   0.00000E+00   0.24000E-16
        GC_95 =   0.00000E+00   0.27000E-16
        GC_96 =   0.00000E+00   0.22000E-16
       GC_112 =   0.00000E+00   0.73000E-16
       GC_113 =   0.00000E+00   0.72000E-16
       GC_116 =   0.00000E+00   0.26000E-16
       GC_117 =   0.00000E+00   0.44000E-16
         GC_1 =   0.00000E+00   0.10275E+00
         GC_2 =  -0.00000E+00  -0.20550E+00
       GC_202 =  -0.00000E+00  -0.46172E+00
       GC_203 =  -0.00000E+00  -0.37035E+00
       GC_263 =  -0.00000E+00  -0.55024E-01
       GC_264 =   0.00000E+00   0.11005E+00
       GC_566 =  -0.00000E+00  -0.16977E-01
      GC_1025 =  -0.00000E+00  -0.70059E+00

 Collider parameters:
 --------------------

 Running at P P   machine @    13000.000000000000       GeV
 PDF set = lhapdf 
 alpha_s(Mz)= 0.1180 running at 3 loops.
 alpha_s(Mz)= 0.1180 running at 3 loops.
 Renormalization scale set on event-by-event basis
 Factorization   scale set on event-by-event basis


 getting user params
Enter number of events and max and min iterations: 
 Number of events and iterations         2000           8           3
Enter desired fractional accuracy: 
 Desired fractional accuracy:    1.0000000000000000E-002
Enter 0 for fixed, 2 for adjustable grid: 
Suppress amplitude (0 no, 1 yes)? 
 Using suppressed amplitude.
Exact helicity sum (0 yes, n = number/event)? 
 Explicitly summing over helicities
Enter Configuration Number: 
Running Configuration Number:    5
 Using dconfig=         643
 BW Setting            1           1           2           2           1           2           0
 Attempting mappinvarients           1           9
 Completed mapping           9
 about to integrate           19        2000           8           3          19           1
 Using non-zero grid deformation.
 19 dimensions   2000 events 19 invarients  8 iterations  1 config(s),  (0.99)
 Using h-tuple random number sequence.
 Error opening grid
 Using Uniform Grid!          36
 Using uniform alpha   1.0000000000000000     
 Grid defined OK
 Set CM energy to      13000.00
 Mapping Graph           5  to config           5
 Setting BW          -1           1   80.387000000000000     
 Setting BW          -2           2   172.50000000000000     
Setting grid   3    0.13770E-03   1
Setting grid   4    0.59172E-08   1
 Setting BW          -5           5   172.50000000000000     
Setting grid   6    0.55080E-03   1
 Transforming s_hat 1/s           18   6.2538467455621318E-004   3600.0000000000000        168999999.99999997     
   5   1   2   3   4   5   6   7   8   9  10  11  12  13  14
  15  16  17  18  19
 Masses: 0.000E+00 0.000E+00 0.000E+00 0.000E+00 0.000E+00 0.000E+00 0.000E+00 0.000E+00 0.000E+00
Using random seed offsets     5 :      3
  with seed                   24
 Ranmar initialization seeds       31063        9400
 
 ********************************************
 * You are using the DiscreteSampler module *
 *      part of the MG5_aMC framework       *
 *         Author: Valentin Hirschi         *
 ********************************************
 
  Particle       3       4       5       6       7       8       9
      Et >     0.0     0.0    20.0     0.0     0.0    20.0    20.0
       E >     0.0     0.0     0.0     0.0     0.0     0.0     0.0
     Eta <     5.0    -1.0     5.0     5.0    -1.0     5.0     5.0
   xqcut:      0.0     0.0    20.0     0.0     0.0    20.0    20.0
d R # 3  >    -0.0     0.0     0.0     0.0     0.0     0.0     0.0
d R # 4  >    -0.0    -0.0     0.0     0.0     0.0     0.0     0.0
d R # 5  >    -0.0    -0.0    -0.0     0.0     0.0     0.0     0.0
d R # 6  >    -0.0    -0.0    -0.0    -0.0     0.0     0.0     0.0
d R # 7  >    -0.0    -0.0    -0.0    -0.0    -0.0     0.0     0.0
d R # 8  >    -0.0    -0.0    -0.0    -0.0    -0.0    -0.0     0.0
s min # 3>     0.0     0.0     0.0     0.0     0.0     0.0     0.0
s min # 4>     0.0     0.0     0.0     0.0     0.0     0.0     0.0
s min # 5>     0.0     0.0     0.0     0.0     0.0   400.0   400.0
s min # 6>     0.0     0.0     0.0     0.0     0.0     0.0     0.0
s min # 7>     0.0     0.0     0.0     0.0     0.0     0.0     0.0
s min # 8>     0.0     0.0     0.0     0.0     0.0     0.0   400.0
xqcutij # 3>     0.0     0.0     0.0     0.0     0.0     0.0     0.0
xqcutij # 4>     0.0     0.0     0.0     0.0     0.0     0.0     0.0
xqcutij # 5>     0.0     0.0     0.0     0.0     0.0     0.0     0.0
xqcutij # 6>     0.0     0.0     0.0     0.0     0.0     0.0     0.0
xqcutij # 7>     0.0     0.0     0.0     0.0     0.0     0.0     0.0
xqcutij # 8>     0.0     0.0     0.0     0.0     0.0     0.0     0.0
 Requiring BW           -1           1
 Requiring BW           -2           2
 Excluding BW           -3           3
 Excluding BW           -4           4
 Requiring BW           -5           5
 Excluding BW           -6           6
 alpha_s for scale    378.57008286240023       is    9.7192464254461944E-002
 Added good helicity            1   227.71226246624988       in event            1 local:           1
 Added good helicity            2   273.85757877099547       in event            1 local:           1
 Added good helicity          385   5.0399744311279768       in event            1 local:           1
 Added good helicity          386   5.3901843316266813       in event            1 local:           1
 Added good helicity            1   227.71226246624997       in event            1 local:           1
 Added good helicity            2   273.85757877099536       in event            1 local:           1
 Added good helicity          385   5.0399744311279928       in event            1 local:           1
 Added good helicity          386   5.3901843316266858       in event            1 local:           1
 Added good helicity          129   8.9753519376859180E-003  in event            3 local:           1
 Added good helicity          130   1.8688428391581663E-002  in event            3 local:           1
 Added good helicity          257   1.6601564061938974E-002  in event            3 local:           1
 Added good helicity          258   1.1062216267328607E-002  in event            3 local:           1
 Added good helicity          129   8.9753519376859128E-003  in event            3 local:           1
 Added good helicity          130   1.8688428391581673E-002  in event            3 local:           1
 Added good helicity          257   1.6601564061938971E-002  in event            3 local:           1
 Added good helicity          258   1.1062216267328616E-002  in event            3 local:           1
 RESET CUMULATIVE VARIABLE
 RESET CUMULATIVE VARIABLE
 RESET CUMULATIVE VARIABLE
 Iteration  1   Mean: 0.2027E-04 Abs mean: 0.2027E-04   Fluctuation:  0.824E-05   0.137E-01    26.6%
  1    0.2027E-04 0.2027E-04 +- 0.8243E-05     18.18
 Writing out events   4.7587027169903255E-009   18.183634403549068     
 Relative summed weights:
  0.3658E+00  0.3396E-01  0.1609E+00  0.2675E-01  0.5702E-05  0.5004E-06
  0.2194E-01  0.9040E-01  0.1135E+00  0.1682E+00  0.1506E-06  0.1855E-01
 Relative number of events:
  0.1488E+00  0.1444E+00  0.1921E+00  0.2021E+00  0.1991E-02  0.3484E-02
  0.7417E-01  0.8163E-01  0.7068E-01  0.7815E-01  0.4978E-03  0.1991E-02
 Events:
         299         290         386         406           4           7
         149         164         142         157           1           4
 Iteration  2   Mean: 0.9527E-05 Abs mean: 0.9527E-05   Fluctuation:  0.137E-05   0.274E-02    42.0%
  2    0.9527E-05 0.9527E-05 +- 0.1369E-05      9.09
 Relative summed weights:
  0.1251E+00  0.1189E+00  0.1265E+00  0.9562E-01  0.1311E-05  0.4069E-04
  0.1252E+00  0.1306E+00  0.5422E-01  0.1857E+00  0.3809E-01  0.3514E-05
 Relative number of events:
  0.1545E+00  0.1745E+00  0.1872E+00  0.1867E+00  0.1500E-02  0.2000E-02
  0.7500E-01  0.8325E-01  0.6850E-01  0.6525E-01  0.1000E-02  0.5000E-03
 Events:
         618         698         749         747           6           8
         300         333         274         261           4           2
 Iteration  3   Mean: 0.1340E-04 Abs mean: 0.1340E-04   Fluctuation:  0.130E-05   0.535E-02    55.9%
  3    0.1340E-04 0.1340E-04 +- 0.1296E-05      8.65
 Relative summed weights:
  0.1005E+00  0.1038E+00  0.1197E+00  0.1697E+00  0.8467E-03  0.4478E-02
  0.9023E-01  0.1107E+00  0.1888E+00  0.1075E+00  0.2442E-02  0.1292E-02
 Relative number of events:
  0.1771E+00  0.1639E+00  0.1827E+00  0.1747E+00  0.1750E-02  0.1500E-02
  0.8150E-01  0.8313E-01  0.6513E-01  0.6700E-01  0.7500E-03  0.7500E-03
 Events:
        1417        1311        1462        1398          14          12
         652         665         521         536           6           6
 Accuracy:    0.132   0.010   0.079   2.818
 Found          751  events.
 Wrote           16  events.
 Actual xsec    1.2495303883872010E-005
 Correct abs xsec    1.2495303883872010E-005
 Event xsec    1.2495303883872011E-005
 Events wgts > 1:            0
 % Cross section > 1:    0.0000000000000000        0.0000000000000000     
 Iteration  4   Mean: 0.1155E-04 Abs mean: 0.1155E-04   Fluctuation:  0.456E-06   0.250E-02    56.5%
  4    0.1155E-04 0.1155E-04 +- 0.4560E-06      5.00
 Relative summed weights:
  0.1111E+00  0.1160E+00  0.1321E+00  0.1346E+00  0.3591E-02  0.1064E-02
  0.1290E+00  0.1171E+00  0.1499E+00  0.1044E+00  0.1789E-03  0.8870E-03
 Relative number of events:
  0.1768E+00  0.1693E+00  0.1727E+00  0.1756E+00  0.1625E-02  0.1937E-02
  0.9012E-01  0.8431E-01  0.6481E-01  0.6162E-01  0.5000E-03  0.6250E-03
 Events:
        2829        2709        2764        2809          26          31
        1442        1349        1037         986           8          10
 Accuracy:    0.055   0.010   0.035   2.411
 Found         1555  events.
 Wrote          124  events.
 Actual xsec    1.1671573026753495E-005
 Correct abs xsec    1.1671573026753495E-005
 Event xsec    1.1671573026753478E-005
 Events wgts > 1:            5
 % Cross section > 1:    1.0952057014142372E-007  0.93835312421369099     
 Iteration  5   Mean: 0.1152E-04 Abs mean: 0.1152E-04   Fluctuation:  0.217E-06   0.143E-02    56.3%
  5    0.1152E-04 0.1152E-04 +- 0.2169E-06      3.37
 Relative summed weights:
  0.1314E+00  0.1377E+00  0.1200E+00  0.1230E+00  0.1159E-02  0.1126E-02
  0.1186E+00  0.1293E+00  0.1289E+00  0.1046E+00  0.3332E-02  0.8269E-03
 Relative number of events:
  0.1735E+00  0.1763E+00  0.1718E+00  0.1742E+00  0.1437E-02  0.1813E-02
  0.8669E-01  0.8538E-01  0.6372E-01  0.6378E-01  0.5937E-03  0.6563E-03
 Events:
        5553        5643        5499        5575          46          58
        2774        2732        2039        2041          19          21
 Accuracy:    0.023   0.010   0.017   1.913
 Found         4190  events.
 Wrote          523  events.
 Actual xsec    1.1584172786596328E-005
 Correct abs xsec    1.1584172786596328E-005
 Event xsec    1.1584172786596567E-005
 Events wgts > 1:           13
 % Cross section > 1:    9.0886391532723955E-008  0.78457385958437875     
 Iteration  6   Mean: 0.1149E-04 Abs mean: 0.1149E-04   Fluctuation:  0.137E-06   0.343E-02    56.4%
  6    0.1149E-04 0.1149E-04 +- 0.1370E-06      3.02
 Relative summed weights:
  0.1318E+00  0.1233E+00  0.1176E+00  0.1204E+00  0.9123E-03  0.1621E-02
  0.1234E+00  0.1325E+00  0.1156E+00  0.1277E+00  0.2457E-02  0.2751E-02
 Relative number of events:
  0.1758E+00  0.1763E+00  0.1736E+00  0.1726E+00  0.1531E-02  0.2031E-02
  0.8680E-01  0.8870E-01  0.6011E-01  0.6117E-01  0.5156E-03  0.7500E-03
 Events:
       11254       11285       11111       11047          98         130
        5555        5677        3847        3915          33          48
 Accuracy:    0.012   0.010   0.010   1.568
 Found         9129  events.
 Wrote         1317  events.
 Actual xsec    1.1502662149548695E-005
 Correct abs xsec    1.1502662149548695E-005
 Event xsec    1.1502662149548663E-005
 Events wgts > 1:           20
 % Cross section > 1:    1.0555484148587512E-007  0.91765575754145612     
 Iteration  7   Mean: 0.1146E-04 Abs mean: 0.1146E-04   Fluctuation:  0.771E-07   0.110E-02    55.9%
  7    0.1146E-04 0.1146E-04 +- 0.7707E-07      2.41
 Relative summed weights:
  0.1322E+00  0.1319E+00  0.1172E+00  0.1208E+00  0.1619E-02  0.1531E-02
  0.1307E+00  0.1308E+00  0.1165E+00  0.1137E+00  0.1802E-02  0.1289E-02
 Relative number of events:
  0.1768E+00  0.1769E+00  0.1705E+00  0.1731E+00  0.1695E-02  0.1828E-02
  0.8668E-01  0.8826E-01  0.6054E-01  0.6235E-01  0.6953E-03  0.7031E-03
 Events:
       22633       22642       21820       22153         217         234
       11095       11297        7749        7981          89          90
 Accuracy:    0.006   0.010   0.006   1.352
 Finished due to accuracy    6.4243041613895966E-003   1.0000000000000000E-002

 -------------------------------------------------------------------------------
 Accumulated results:   Integral =  0.1148E-04
                        Std dev  =  0.6341E-07
                       Cross sec =  0.1148E-04
             Chi**2 per DoF.     =      1.3517
 -------------------------------------------------------------------------------
 Found        19504  events.
 Wrote         4826  events.
 Actual xsec    1.1469146140950041E-005
 Correct abs xsec    1.1469146140950041E-005
 Event xsec    1.1469146140949875E-005
Thanks for using LHAPDF 6.2.1. Please make sure to cite the paper:
  Eur.Phys.J. C75 (2015) 3, 132  (http://arxiv.org/abs/1412.7420)
 Events wgts > 1:          113
 % Cross section > 1:    1.1485048224125109E-007   1.0013865097697603     
-------------------------------------------------
---------------------------
 Results Last   3 iters: Integral =   0.1147E-04
                     Abs integral =   0.1147E-04
                          Std dev =   0.6417E-07
                  Chi**2 per DoF. =      0.0598
-------------------------------------------------
---------------------------
 Status   1.0000000000000000E-002           8           8

ls status:
events.lhe
ftn26
input_app.txt
results.dat
run1_app.log
