==== LHAPDF6 USING DEFAULT-TYPE LHAGLUE INTERFACE ====
LHAPDF 6.2.1 loading /cvmfs/cms.cern.ch/slc7_amd64_gcc700/external/lhapdf/6.2.1-pafccj3/share/LHAPDF/NNPDF31_nnlo_as_0118_mc_hessian_pdfas/NNPDF31_nnlo_as_0118_mc_hessian_pdfas_0000.dat
NNPDF31_nnlo_as_0118_mc_hessian_pdfas PDF set, member #0, version 1; LHAPDF ID = 325300
 Process in group number            1
 A PDF is used, so alpha_s(MZ) is going to be modified
 Old value of alpha_s from param_card:   0.11790000000000000     
 New value of alpha_s from PDF lhapdf :  0.11800208008122040     
 using LHAPDF
 Warning! ptj set to xqcut=   20.000000000000000       to improve integration efficiency
 Note that this might affect non-radiated jets,
 e.g. from decays. Use cut_decays=F in run_card.
 Warning! mmjj set to xqcut=   20.000000000000000       to improve integration efficiency
 Note that this might affect non-radiated jets,
 e.g. from decays. Use cut_decays=F in run_card.
 Define smin to   3600.0000000000000     
 Define smin to   3600.0000000000000     
 Define smin to   3600.0000000000000     
 Define smin to   3600.0000000000000     
 Define smin to   3600.0000000000000     
 Define smin to   3600.0000000000000     
 *****************************************************
 *               MadGraph/MadEvent                   *
 *        --------------------------------           *
 *          http://madgraph.hep.uiuc.edu             *
 *          http://madgraph.phys.ucl.ac.be           *
 *          http://madgraph.roma2.infn.it            *
 *        --------------------------------           *
 *                                                   *
 *          PARAMETER AND COUPLING VALUES            *
 *                                                   *
 *****************************************************

  External Params
  ---------------------------------
  
 mdl_ctGRe =    9.9999999999999994E-012
 mdl_cjj31 =    7.1000000000000000E-011
 mdl_cQj11 =    1.6999999999999999E-011
 mdl_cQj18 =    1.5000000000000000E-011
 mdl_cQj31 =    1.7999999999999999E-011
 mdl_cQj38 =    1.6000000000000000E-011
 mdl_cQQ8 =    2.3000000000000001E-011
 mdl_ctu1 =    2.6000000000000001E-011
 mdl_ctu8 =    4.4000000000000003E-011
 mdl_ctd1 =    2.7000000000000000E-011
 mdl_ctd8 =    2.2000000000000002E-011
 mdl_cQu1 =    2.8000000000000000E-011
 mdl_cQu8 =    2.4000000000000001E-011
 mdl_ctj1 =    7.3000000000000006E-011
 mdl_ctj8 =    7.1999999999999997E-011
 mdl_cQt1 =    3.1000000000000003E-011
 mdl_cQt8 =    3.0000000000000000E-011
 mdl_cQd1 =    2.9000000000000000E-011
 mdl_cQd8 =    2.5000000000000001E-011
 mdl_ctGIm =    9.8999999999999994E-012
 mdl_LambdaSMEFT =    1000.0000000000000     
 mdl_MW =    80.387000000000000     
 mdl_Gf =    1.1663789999999999E-005
 aS =   0.11790000000000000     
 mdl_ymb =    4.1799999999999997     
 mdl_ymt =    172.50000000000000     
 mdl_MZ =    91.187600000000003     
 mdl_MT =    172.50000000000000     
 mdl_MH =    125.00000000000000     
 mdl_WZ =    2.4952000000000001     
 mdl_WW =    2.0850000000000000     
 mdl_WT =    1.3300000000000001     
 mdl_WH =    4.0699999999999998E-003
  Internal Params
  ---------------------------------
  
 mdl_cH =    0.0000000000000000     
 mdl_conjg__cbH =    0.0000000000000000     
 mdl_dGf =    0.0000000000000000     
 mdl_dMH2 =    0.0000000000000000     
 mdl_conjg__ctHH =    0.0000000000000000     
 mdl_dg1 =    0.0000000000000000     
 mdl_cHB =    0.0000000000000000     
 mdl_cHW =    0.0000000000000000     
 mdl_dgw =    0.0000000000000000     
 mdl_complexi =                (0.0000000000000000,1.0000000000000000)
 mdl_ctG =    (9.99999999999999939E-012,9.89999999999999942E-012)
 mdl_MWsm =    80.387000000000000     
 mdl_MW__exp__2 =    6462.0697689999997     
 mdl_MZ__exp__2 =    8315.1783937600012     
 mdl_sqrt__2 =    1.4142135623730951     
 mdl_nb__2__exp__0_25 =    1.1892071150027210     
 mdl_MH__exp__2 =    15625.000000000000     
 mdl_sth2 =   0.22285855299877133     
 mdl_nb__10__exp___m_40 =    9.9999999999999993E-041
 mdl_MZ1 =    91.187600000000003     
 mdl_MH1 =    125.00000000000000     
 mdl_MT1 =    172.50000000000000     
 mdl_WZ1 =    2.4952000000000001     
 mdl_WW1 =    2.0850000000000000     
 mdl_WH1 =    4.0699999999999998E-003
 mdl_WT1 =    1.3300000000000001     
 mdl_cth =   0.88155626422890820     
 mdl_MW1 =    80.387000000000000     
 mdl_sqrt__sth2 =   0.47207896902824564     
 mdl_sth =   0.47207896902824564     
 mdl_LambdaSMEFT__exp__2 =    1000000.0000000000     
 mdl_MT__exp__2 =    29756.250000000000     
 mdl_MH__exp__6 =    3814697265625.0000     
 mdl_MWsm__exp__6 =    269845343347.69711     
 mdl_MH__exp__4 =    244140625.00000000     
 mdl_MWsm__exp__4 =    41758345.699423708     
 mdl_MWsm__exp__2 =    6462.0697689999997     
 mdl_MZ__exp__4 =    69142191.720053151     
 mdl_MZ__exp__6 =    574929658687.79749     
 mdl_cth__exp__2 =   0.77714144700122867     
 mdl_sth__exp__2 =   0.22285855299877130     
 mdl_MZ__exp__3 =    758241.16129882948     
 mdl_sth__exp__4 =    4.9665934644706158E-002
 mdl_sth__exp__6 =    1.1068478328250760E-002
 mdl_sth__exp__3 =   0.10520683593878660     
 mdl_sth__exp__5 =    2.3446243222897113E-002
 mdl_cth__exp__3 =   0.68509391079585125     
 mdl_aEW =    7.5614618607353409E-003
 mdl_sqrt__Gf =    3.4152291284773265E-003
 mdl_vevhat =    246.21961912951551     
 mdl_lam =   0.12886789067712248     
 mdl_sqrt__aEW =    8.6956666568672819E-002
 mdl_ee =   0.30825335704310214     
 mdl_yb =    2.4008698866559607E-002
 mdl_yt =   0.99078960633529489     
 mdl_vevhat__exp__2 =    60624.100844283676     
 mdl_vevT =    246.21961912951551     
 mdl_g1 =   0.34966952144878632     
 mdl_gw =   0.65296989967087182     
 mdl_yb0 =          (2.40086988665596072E-002,0.0000000000000000)
 mdl_yt0 =               (0.99078960633529489,0.0000000000000000)
 mdl_ee__exp__2 =    9.5020132128342205E-002
 mdl_gHaa =   -1.9304585232491906E-003
 mdl_gHza =   -6.8535659868940091E-003
 mdl_barlam =   0.12886789067712248     
 mdl_gwsh =   0.65296989967087182     
 mdl_vev =    246.21961912951551     
 mdl_g1sh =   0.34966952144878632     
 mdl_ee__exp__3 =    2.9290274715240611E-002
 mdl_vevhat__exp__3 =    14926843.019948866     
  Internal Params evaluated point by point
  ----------------------------------------
  
 mdl_sqrt__aS =   0.34336569426778790     
 mdl_Gstrong =    1.2171996941475736     
 mdl_gHgg2 =   -3.6486270703817007E-004
 mdl_gHgg4 =    1.0424648772519146E-004
 mdl_gHgg5 =    1.8764367790534461E-003
 mdl_G__exp__2 =    1.4815750954329465     
 mdl_gHgg1 =    3.1273946317557436E-003
 mdl_gHgg3 =    7.6133275785037098E-004
 mdl_G__exp__3 =                (1.8033727530176447,0.0000000000000000)
  Couplings of SMEFTsim_topU3l_MwScheme_UFO_ctGpatched-massless_2t
  ---------------------------------
  
       GC_351 =  -0.20980E-14   0.00000E+00
       GC_352 =   0.00000E+00   0.21192E-14
       GC_385 =   0.00000E+00   0.25537E-14
       GC_386 =   0.25795E-14   0.00000E+00
         GC_6 =  -0.00000E+00  -0.12172E+01
         GC_7 =   0.12172E+01   0.00000E+00
         GC_8 =   0.00000E+00   0.14816E+01
        GC_98 =  -0.85208E-17   0.00000E+00
        GC_99 =   0.00000E+00   0.86069E-17
        GC_64 =   0.00000E+00   0.29000E-16
        GC_65 =   0.00000E+00   0.25000E-16
        GC_67 =   0.00000E+00   0.17000E-16
        GC_68 =   0.00000E+00   0.15000E-16
        GC_69 =  -0.00000E+00  -0.18000E-16
        GC_70 =   0.00000E+00   0.18000E-16
        GC_72 =  -0.00000E+00  -0.16000E-16
        GC_73 =   0.00000E+00   0.16000E-16
        GC_80 =   0.00000E+00   0.46000E-16
        GC_81 =   0.00000E+00   0.31000E-16
        GC_82 =   0.00000E+00   0.30000E-16
        GC_91 =   0.00000E+00   0.28000E-16
        GC_92 =   0.00000E+00   0.24000E-16
        GC_95 =   0.00000E+00   0.27000E-16
        GC_96 =   0.00000E+00   0.22000E-16
       GC_112 =   0.00000E+00   0.73000E-16
       GC_113 =   0.00000E+00   0.72000E-16
       GC_116 =   0.00000E+00   0.26000E-16
       GC_117 =   0.00000E+00   0.44000E-16
         GC_1 =   0.00000E+00   0.10275E+00
         GC_2 =  -0.00000E+00  -0.20550E+00
       GC_202 =  -0.00000E+00  -0.46172E+00
       GC_203 =  -0.00000E+00  -0.37035E+00
       GC_263 =  -0.00000E+00  -0.55024E-01
       GC_264 =   0.00000E+00   0.11005E+00
       GC_566 =  -0.00000E+00  -0.16977E-01
      GC_1025 =  -0.00000E+00  -0.70059E+00

 Collider parameters:
 --------------------

 Running at P P   machine @    13000.000000000000       GeV
 PDF set = lhapdf 
 alpha_s(Mz)= 0.1180 running at 3 loops.
 alpha_s(Mz)= 0.1180 running at 3 loops.
 Renormalization scale set on event-by-event basis
 Factorization   scale set on event-by-event basis


 getting user params
Enter number of events and max and min iterations: 
 Number of events and iterations         2000           8           3
Enter desired fractional accuracy: 
 Desired fractional accuracy:    1.0000000000000000E-002
Enter 0 for fixed, 2 for adjustable grid: 
Suppress amplitude (0 no, 1 yes)? 
 Using suppressed amplitude.
Exact helicity sum (0 yes, n = number/event)? 
 Explicitly summing over helicities
Enter Configuration Number: 
Running Configuration Number:   17
 Using dconfig=         207
 BW Setting            0           0           2           1           2           0           0
 Attempting mappinvarients           1           9
 Completed mapping           9
 about to integrate           19        2000           8           3          19           1
 Using non-zero grid deformation.
 19 dimensions   2000 events 19 invarients  8 iterations  1 config(s),  (0.99)
 Using h-tuple random number sequence.
 Error opening grid
 Using Uniform Grid!          36
 Using uniform alpha   1.0000000000000000     
 Grid defined OK
 Set CM energy to      13000.00
 Mapping Graph          17  to config          17
 Setting BW          -1           1   80.387000000000000     
 Setting BW          -2           2   172.50000000000000     
Setting grid   3    0.59172E-08   1
 Setting BW          -4           4   172.50000000000000     
Setting grid   5    0.13770E-03   1
Setting grid   6    0.13770E-03   1
 Transforming s_hat 1/s           18   6.2538467455621318E-004   3600.0000000000000        168999999.99999997     
  17   1   2   3   4   5   6   7   8   9  10  11  12  13  14
  15  16  17  18  19
 Masses: 0.000E+00 0.000E+00 0.000E+00 0.000E+00 0.000E+00 0.000E+00 0.000E+00 0.000E+00 0.000E+00
Using random seed offsets    17 :      2
  with seed                   24
 Ranmar initialization seeds       31075        9399
 
 ********************************************
 * You are using the DiscreteSampler module *
 *      part of the MG5_aMC framework       *
 *         Author: Valentin Hirschi         *
 ********************************************
 
  Particle       3       4       5       6       7       8       9
      Et >     0.0     0.0    20.0     0.0     0.0    20.0    20.0
       E >     0.0     0.0     0.0     0.0     0.0     0.0     0.0
     Eta <     5.0    -1.0     5.0     5.0    -1.0     5.0     5.0
   xqcut:      0.0     0.0    20.0     0.0     0.0    20.0    20.0
d R # 3  >    -0.0     0.0     0.0     0.0     0.0     0.0     0.0
d R # 4  >    -0.0    -0.0     0.0     0.0     0.0     0.0     0.0
d R # 5  >    -0.0    -0.0    -0.0     0.0     0.0     0.0     0.0
d R # 6  >    -0.0    -0.0    -0.0    -0.0     0.0     0.0     0.0
d R # 7  >    -0.0    -0.0    -0.0    -0.0    -0.0     0.0     0.0
d R # 8  >    -0.0    -0.0    -0.0    -0.0    -0.0    -0.0     0.0
s min # 3>     0.0     0.0     0.0     0.0     0.0     0.0     0.0
s min # 4>     0.0     0.0     0.0     0.0     0.0     0.0     0.0
s min # 5>     0.0     0.0     0.0     0.0     0.0   400.0   400.0
s min # 6>     0.0     0.0     0.0     0.0     0.0     0.0     0.0
s min # 7>     0.0     0.0     0.0     0.0     0.0     0.0     0.0
s min # 8>     0.0     0.0     0.0     0.0     0.0     0.0   400.0
xqcutij # 3>     0.0     0.0     0.0     0.0     0.0     0.0     0.0
xqcutij # 4>     0.0     0.0     0.0     0.0     0.0     0.0     0.0
xqcutij # 5>     0.0     0.0     0.0     0.0     0.0     0.0     0.0
xqcutij # 6>     0.0     0.0     0.0     0.0     0.0     0.0     0.0
xqcutij # 7>     0.0     0.0     0.0     0.0     0.0     0.0     0.0
xqcutij # 8>     0.0     0.0     0.0     0.0     0.0     0.0     0.0
 No cut BW           -1           1
 No cut BW           -2           2
 Excluding BW           -3           3
 Requiring BW           -4           4
 Excluding BW           -5           5
 alpha_s for scale    90.935032037286845       is   0.11805163313535116     
 Added good helicity            1   6.4248698936674150E-003  in event            1 local:           1
 Added good helicity            2   290.15355227422384       in event            1 local:           1
 Added good helicity          129   219.29320614575022       in event            1 local:           1
 Added good helicity          130   6.5681439219222133E-003  in event            1 local:           1
 Added good helicity          257   1.9972462532501863E-004  in event            1 local:           1
 Added good helicity          258   1.8182297856373180       in event            1 local:           1
 Added good helicity          385  0.72176260535067238       in event            1 local:           1
 Added good helicity          386   5.6450597070220979E-005  in event            1 local:           1
 Added good helicity            1   6.4248698936674089E-003  in event            1 local:           1
 Added good helicity            2   290.15355227422401       in event            1 local:           1
 Added good helicity          129   219.29320614575010       in event            1 local:           1
 Added good helicity          130   6.5681439219222064E-003  in event            1 local:           1
 Added good helicity          257   1.9972462532501849E-004  in event            1 local:           1
 Added good helicity          258   1.8182297856373086       in event            1 local:           1
 Added good helicity          385  0.72176260535067094       in event            1 local:           1
 Added good helicity          386   5.6450597070220952E-005  in event            1 local:           1
 RESET CUMULATIVE VARIABLE
 RESET CUMULATIVE VARIABLE
 RESET CUMULATIVE VARIABLE
 Iteration  1   Mean: 0.2004E-04 Abs mean: 0.2004E-04   Fluctuation:  0.541E-05   0.892E-02    36.9%
  1    0.2004E-04 0.2004E-04 +- 0.5413E-05     12.08
 Writing out events   3.3966204161627307E-009   12.081643574184252     
 Relative summed weights:
  0.0000E+00  0.0000E+00  0.0000E+00  0.0000E+00  0.4104E+00  0.2019E+00  0.0000E+00  0.0000E+00  0.0000E+00  0.0000E+00  0.0000E+00  0.0000E+00
  0.0000E+00  0.0000E+00  0.0000E+00  0.0000E+00  0.0000E+00  0.0000E+00  0.0000E+00  0.0000E+00  0.0000E+00  0.0000E+00  0.1695E+00  0.2183E+00
 Relative number of events:
  0.0000E+00  0.0000E+00  0.0000E+00  0.0000E+00  0.2543E+00  0.2652E+00  0.0000E+00  0.0000E+00  0.0000E+00  0.0000E+00  0.0000E+00  0.0000E+00
  0.0000E+00  0.0000E+00  0.0000E+00  0.0000E+00  0.0000E+00  0.0000E+00  0.0000E+00  0.0000E+00  0.0000E+00  0.0000E+00  0.2330E+00  0.2474E+00
 Events:
           0           0           0           0         513         535           0           0           0           0           0           0
           0           0           0           0           0           0           0           0           0           0         470         499
 Iteration  2   Mean: 0.2738E-04 Abs mean: 0.2738E-04   Fluctuation:  0.533E-05   0.193E-01    63.4%
  2    0.2738E-04 0.2738E-04 +- 0.5329E-05     12.31
 Relative summed weights:
  0.0000E+00  0.0000E+00  0.0000E+00  0.0000E+00  0.1568E+00  0.1615E+00  0.0000E+00  0.0000E+00  0.0000E+00  0.0000E+00  0.0000E+00  0.0000E+00
  0.0000E+00  0.0000E+00  0.0000E+00  0.0000E+00  0.0000E+00  0.0000E+00  0.0000E+00  0.0000E+00  0.0000E+00  0.0000E+00  0.4469E+00  0.2349E+00
 Relative number of events:
  0.0000E+00  0.0000E+00  0.0000E+00  0.0000E+00  0.2380E+00  0.2580E+00  0.0000E+00  0.0000E+00  0.0000E+00  0.0000E+00  0.0000E+00  0.0000E+00
  0.0000E+00  0.0000E+00  0.0000E+00  0.0000E+00  0.0000E+00  0.0000E+00  0.0000E+00  0.0000E+00  0.0000E+00  0.0000E+00  0.2565E+00  0.2475E+00
 Events:
           0           0           0           0         952        1032           0           0           0           0           0           0
           0           0           0           0           0           0           0           0           0           0        1026         990
 Iteration  3   Mean: 0.2688E-04 Abs mean: 0.2688E-04   Fluctuation:  0.247E-05   0.101E-01    73.5%
  3    0.2688E-04 0.2688E-04 +- 0.2466E-05      8.21
 Relative summed weights:
  0.0000E+00  0.0000E+00  0.0000E+00  0.0000E+00  0.2422E+00  0.2686E+00  0.0000E+00  0.0000E+00  0.0000E+00  0.0000E+00  0.0000E+00  0.0000E+00
  0.0000E+00  0.0000E+00  0.0000E+00  0.0000E+00  0.0000E+00  0.0000E+00  0.0000E+00  0.0000E+00  0.0000E+00  0.0000E+00  0.2515E+00  0.2377E+00
 Relative number of events:
  0.0000E+00  0.0000E+00  0.0000E+00  0.0000E+00  0.2459E+00  0.2550E+00  0.0000E+00  0.0000E+00  0.0000E+00  0.0000E+00  0.0000E+00  0.0000E+00
  0.0000E+00  0.0000E+00  0.0000E+00  0.0000E+00  0.0000E+00  0.0000E+00  0.0000E+00  0.0000E+00  0.0000E+00  0.0000E+00  0.2450E+00  0.2541E+00
 Events:
           0           0           0           0        1967        2040           0           0           0           0           0           0
           0           0           0           0           0           0           0           0           0           0        1960        2033
 Accuracy:    0.052   0.010   0.079   0.437
 Found          663  events.
 Wrote           20  events.
 Actual xsec    2.6372855248084342E-005
 Correct abs xsec    2.6372855248084342E-005
 Event xsec    2.6372855248084325E-005
 Events wgts > 1:            2
 % Cross section > 1:    2.8971136939787637E-007   1.0985210614194700     
 Iteration  4   Mean: 0.2590E-04 Abs mean: 0.2590E-04   Fluctuation:  0.703E-06   0.385E-02    76.1%
  4    0.2590E-04 0.2590E-04 +- 0.7035E-06      3.44
 Relative summed weights:
  0.0000E+00  0.0000E+00  0.0000E+00  0.0000E+00  0.2361E+00  0.2597E+00  0.0000E+00  0.0000E+00  0.0000E+00  0.0000E+00  0.0000E+00  0.0000E+00
  0.0000E+00  0.0000E+00  0.0000E+00  0.0000E+00  0.0000E+00  0.0000E+00  0.0000E+00  0.0000E+00  0.0000E+00  0.0000E+00  0.2507E+00  0.2536E+00
 Relative number of events:
  0.0000E+00  0.0000E+00  0.0000E+00  0.0000E+00  0.2513E+00  0.2499E+00  0.0000E+00  0.0000E+00  0.0000E+00  0.0000E+00  0.0000E+00  0.0000E+00
  0.0000E+00  0.0000E+00  0.0000E+00  0.0000E+00  0.0000E+00  0.0000E+00  0.0000E+00  0.0000E+00  0.0000E+00  0.0000E+00  0.2543E+00  0.2445E+00
 Events:
           0           0           0           0        4021        3998           0           0           0           0           0           0
           0           0           0           0           0           0           0           0           0           0        4069        3912
 Accuracy:    0.014   0.010   0.026   0.316
 Found         1605  events.
 Wrote          203  events.
 Actual xsec    2.6006162560431561E-005
 Correct abs xsec    2.6006162560431561E-005
 Event xsec    2.6006162560431389E-005
 Events wgts > 1:            4
 % Cross section > 1:    1.5871570440311144E-007  0.61030036259405229     
 Iteration  5   Mean: 0.2583E-04 Abs mean: 0.2583E-04   Fluctuation:  0.369E-06   0.269E-02    78.2%
  5    0.2583E-04 0.2583E-04 +- 0.3686E-06      2.55
 Relative summed weights:
  0.0000E+00  0.0000E+00  0.0000E+00  0.0000E+00  0.2600E+00  0.2488E+00  0.0000E+00  0.0000E+00  0.0000E+00  0.0000E+00  0.0000E+00  0.0000E+00
  0.0000E+00  0.0000E+00  0.0000E+00  0.0000E+00  0.0000E+00  0.0000E+00  0.0000E+00  0.0000E+00  0.0000E+00  0.0000E+00  0.2418E+00  0.2494E+00
 Relative number of events:
  0.0000E+00  0.0000E+00  0.0000E+00  0.0000E+00  0.2481E+00  0.2512E+00  0.0000E+00  0.0000E+00  0.0000E+00  0.0000E+00  0.0000E+00  0.0000E+00
  0.0000E+00  0.0000E+00  0.0000E+00  0.0000E+00  0.0000E+00  0.0000E+00  0.0000E+00  0.0000E+00  0.0000E+00  0.0000E+00  0.2502E+00  0.2506E+00
 Events:
           0           0           0           0        7938        8037           0           0           0           0           0           0
           0           0           0           0           0           0           0           0           0           0        8005        8020
 Accuracy:    0.006   0.010   0.012   0.245
 Finished due to accuracy    6.1747745336810716E-003   1.0000000000000000E-002

 -------------------------------------------------------------------------------
 Accumulated results:   Integral =  0.2586E-04
                        Std dev  =  0.3226E-06
                       Cross sec =  0.2586E-04
Thanks for using LHAPDF 6.2.1. Please make sure to cite the paper:
  Eur.Phys.J. C75 (2015) 3, 132  (http://arxiv.org/abs/1412.7420)
             Chi**2 per DoF.     =      0.2450
 -------------------------------------------------------------------------------
 Found         3548  events.
 Wrote          877  events.
 Actual xsec    2.5867454970988840E-005
 Correct abs xsec    2.5867454970988840E-005
 Event xsec    2.5867454970989440E-005
 Events wgts > 1:           15
 % Cross section > 1:    2.5371786434929305E-007  0.98083814056635910     
-------------------------------------------------
---------------------------
 Results Last   3 iters: Integral =   0.2587E-04
                     Abs integral =   0.2587E-04
                          Std dev =   0.3237E-06
                  Chi**2 per DoF. =      0.0897
-------------------------------------------------
---------------------------
 Status   1.0000000000000000E-002           6           8

ls status:
events.lhe
ftn26
input_app.txt
results.dat
run1_app.log
